This is pdfTeX, Version 3.141592653-2.6-1.40.28 (TeX Live 2025) (preloaded format=pdflatex 2025.9.19)  25 MAY 2026 16:33
entering extended mode
 restricted \write18 enabled.
 %&-line parsing enabled.
**main.tex
(./main.tex
LaTeX2e <2025-06-01> patch level 1
L3 programming layer <2025-09-02>
(c:/texlive/2025/texmf-dist/tex/latex/beamer/beamer.cls
Document Class: beamer 2025/08/13 v3.76 A class for typesetting presentations
(c:/texlive/2025/texmf-dist/tex/latex/beamer/beamerbasemodes.sty
(c:/texlive/2025/texmf-dist/tex/latex/etoolbox/etoolbox.sty
Package: etoolbox 2025/02/11 v2.5l e-TeX tools for LaTeX (JAW)
\etb@tempcnta=\count275
)
\beamer@tempbox=\box53
\beamer@tempcount=\count276
\c@beamerpauses=\count277

(c:/texlive/2025/texmf-dist/tex/latex/beamer/beamerbasedecode.sty
\beamer@slideinframe=\count278
\beamer@minimum=\count279
\beamer@decode@box=\box54
)
\beamer@commentbox=\box55
\beamer@modecount=\count280
)
(c:/texlive/2025/texmf-dist/tex/generic/iftex/iftex.sty
Package: iftex 2024/12/12 v1.0g TeX engine tests
)
\headdp=\dimen148
\footheight=\dimen149
\sidebarheight=\dimen150
\beamer@tempdim=\dimen151
\beamer@finalheight=\dimen152
\beamer@animht=\dimen153
\beamer@animdp=\dimen154
\beamer@animwd=\dimen155
\beamer@leftmargin=\dimen156
\beamer@rightmargin=\dimen157
\beamer@leftsidebar=\dimen158
\beamer@rightsidebar=\dimen159
\beamer@boxsize=\dimen160
\beamer@vboxoffset=\dimen161
\beamer@descdefault=\dimen162
\beamer@descriptionwidth=\dimen163
\beamer@lastskip=\skip49
\beamer@areabox=\box56
\beamer@animcurrent=\box57
\beamer@animshowbox=\box58
\beamer@sectionbox=\box59
\beamer@logobox=\box60
\beamer@linebox=\box61
\beamer@sectioncount=\count281
\beamer@subsubsectionmax=\count282
\beamer@subsectionmax=\count283
\beamer@sectionmax=\count284
\beamer@totalheads=\count285
\beamer@headcounter=\count286
\beamer@partstartpage=\count287
\beamer@sectionstartpage=\count288
\beamer@subsectionstartpage=\count289
\beamer@animationtempa=\count290
\beamer@animationtempb=\count291
\beamer@xpos=\count292
\beamer@ypos=\count293
\beamer@ypos@offset=\count294
\beamer@showpartnumber=\count295
\beamer@currentsubsection=\count296
\beamer@coveringdepth=\count297
\beamer@sectionadjust=\count298
\beamer@toclastsection=\count299
\beamer@tocsectionnumber=\count300

(c:/texlive/2025/texmf-dist/tex/latex/beamer/beamerbaseoptions.sty
(c:/texlive/2025/texmf-dist/tex/latex/graphics/keyval.sty
Package: keyval 2022/05/29 v1.15 key=value parser (DPC)
\KV@toks@=\toks17
))
\beamer@paperwidth=\skip50
\beamer@paperheight=\skip51

(c:/texlive/2025/texmf-dist/tex/latex/geometry/geometry.sty
Package: geometry 2020/01/02 v5.9 Page Geometry

(c:/texlive/2025/texmf-dist/tex/generic/iftex/ifvtex.sty
Package: ifvtex 2019/10/25 v1.7 ifvtex legacy package. Use iftex instead.
)
\Gm@cnth=\count301
\Gm@cntv=\count302
\c@Gm@tempcnt=\count303
\Gm@bindingoffset=\dimen164
\Gm@wd@mp=\dimen165
\Gm@odd@mp=\dimen166
\Gm@even@mp=\dimen167
\Gm@layoutwidth=\dimen168
\Gm@layoutheight=\dimen169
\Gm@layouthoffset=\dimen170
\Gm@layoutvoffset=\dimen171
\Gm@dimlist=\toks18
)
(c:/texlive/2025/texmf-dist/tex/latex/pgf/math/pgfmath.sty
(c:/texlive/2025/texmf-dist/tex/latex/pgf/utilities/pgfrcs.sty
(c:/texlive/2025/texmf-dist/tex/generic/pgf/utilities/pgfutil-common.tex
\pgfutil@everybye=\toks19
\pgfutil@tempdima=\dimen172
\pgfutil@tempdimb=\dimen173
)
(c:/texlive/2025/texmf-dist/tex/generic/pgf/utilities/pgfutil-latex.def
\pgfutil@abb=\box62
)
(c:/texlive/2025/texmf-dist/tex/generic/pgf/utilities/pgfrcs.code.tex
(c:/texlive/2025/texmf-dist/tex/generic/pgf/pgf.revision.tex)
Package: pgfrcs 2025-08-29 v3.1.11a (3.1.11a)
))
(c:/texlive/2025/texmf-dist/tex/latex/pgf/utilities/pgfkeys.sty
(c:/texlive/2025/texmf-dist/tex/generic/pgf/utilities/pgfkeys.code.tex
\pgfkeys@pathtoks=\toks20
\pgfkeys@temptoks=\toks21

(c:/texlive/2025/texmf-dist/tex/generic/pgf/utilities/pgfkeyslibraryfiltered.co
de.tex
\pgfkeys@tmptoks=\toks22
))) (c:/texlive/2025/texmf-dist/tex/generic/pgf/math/pgfmath.code.tex
(c:/texlive/2025/texmf-dist/tex/generic/pgf/math/pgfmathutil.code.tex
\pgf@x=\dimen174
\pgf@xa=\dimen175
\pgf@xb=\dimen176
\pgf@xc=\dimen177
\pgf@y=\dimen178
\pgf@ya=\dimen179
\pgf@yb=\dimen180
\pgf@yc=\dimen181
\c@pgf@counta=\count304
\c@pgf@countb=\count305
\c@pgf@countc=\count306
\c@pgf@countd=\count307
)
(c:/texlive/2025/texmf-dist/tex/generic/pgf/math/pgfmathparser.code.tex
\pgfmath@dimen=\dimen182
\pgfmath@count=\count308
\pgfmath@box=\box63
\pgfmath@toks=\toks23
\pgfmath@stack@operand=\toks24
\pgfmath@stack@operation=\toks25
)
(c:/texlive/2025/texmf-dist/tex/generic/pgf/math/pgfmathfunctions.code.tex)
(c:/texlive/2025/texmf-dist/tex/generic/pgf/math/pgfmathfunctions.basic.code.te
x)
(c:/texlive/2025/texmf-dist/tex/generic/pgf/math/pgfmathfunctions.trigonometric
.code.tex)
(c:/texlive/2025/texmf-dist/tex/generic/pgf/math/pgfmathfunctions.random.code.t
ex)
(c:/texlive/2025/texmf-dist/tex/generic/pgf/math/pgfmathfunctions.comparison.co
de.tex)
(c:/texlive/2025/texmf-dist/tex/generic/pgf/math/pgfmathfunctions.base.code.tex
)
(c:/texlive/2025/texmf-dist/tex/generic/pgf/math/pgfmathfunctions.round.code.te
x)
(c:/texlive/2025/texmf-dist/tex/generic/pgf/math/pgfmathfunctions.misc.code.tex
)
(c:/texlive/2025/texmf-dist/tex/generic/pgf/math/pgfmathfunctions.integerarithm
etics.code.tex)
(c:/texlive/2025/texmf-dist/tex/generic/pgf/math/pgfmathcalc.code.tex)
(c:/texlive/2025/texmf-dist/tex/generic/pgf/math/pgfmathfloat.code.tex
\c@pgfmathroundto@lastzeros=\count309
)))
(c:/texlive/2025/texmf-dist/tex/latex/base/size11.clo
File: size11.clo 2025/01/22 v1.4n Standard LaTeX file (size option)
)
(c:/texlive/2025/texmf-dist/tex/latex/pgf/basiclayer/pgfcore.sty
(c:/texlive/2025/texmf-dist/tex/latex/graphics/graphicx.sty
Package: graphicx 2024/12/31 v1.2e Enhanced LaTeX Graphics (DPC,SPQR)

(c:/texlive/2025/texmf-dist/tex/latex/graphics/graphics.sty
Package: graphics 2024/08/06 v1.4g Standard LaTeX Graphics (DPC,SPQR)

(c:/texlive/2025/texmf-dist/tex/latex/graphics/trig.sty
Package: trig 2023/12/02 v1.11 sin cos tan (DPC)
)
(c:/texlive/2025/texmf-dist/tex/latex/graphics-cfg/graphics.cfg
File: graphics.cfg 2016/06/04 v1.11 sample graphics configuration
)
Package graphics Info: Driver file: pdftex.def on input line 106.

(c:/texlive/2025/texmf-dist/tex/latex/graphics-def/pdftex.def
File: pdftex.def 2024/04/13 v1.2c Graphics/color driver for pdftex
))
\Gin@req@height=\dimen183
\Gin@req@width=\dimen184
)
(c:/texlive/2025/texmf-dist/tex/latex/pgf/systemlayer/pgfsys.sty
(c:/texlive/2025/texmf-dist/tex/generic/pgf/systemlayer/pgfsys.code.tex
Package: pgfsys 2025-08-29 v3.1.11a (3.1.11a)
\pgf@x=\dimen185
\pgf@y=\dimen186
\pgf@xa=\dimen187
\pgf@ya=\dimen188
\pgf@xb=\dimen189
\pgf@yb=\dimen190
\pgf@xc=\dimen191
\pgf@yc=\dimen192
\pgf@xd=\dimen193
\pgf@yd=\dimen194
\w@pgf@writea=\write3
\r@pgf@reada=\read2
\c@pgf@counta=\count310
\c@pgf@countb=\count311
\c@pgf@countc=\count312
\c@pgf@countd=\count313
\t@pgf@toka=\toks26
\t@pgf@tokb=\toks27
\t@pgf@tokc=\toks28
\pgf@sys@id@count=\count314

(c:/texlive/2025/texmf-dist/tex/generic/pgf/systemlayer/pgf.cfg
File: pgf.cfg 2025-08-29 v3.1.11a (3.1.11a)
)
Driver file for pgf: pgfsys-pdftex.def

(c:/texlive/2025/texmf-dist/tex/generic/pgf/systemlayer/pgfsys-pdftex.def
File: pgfsys-pdftex.def 2025-08-29 v3.1.11a (3.1.11a)

(c:/texlive/2025/texmf-dist/tex/generic/pgf/systemlayer/pgfsys-common-pdf.def
File: pgfsys-common-pdf.def 2025-08-29 v3.1.11a (3.1.11a)
)))
(c:/texlive/2025/texmf-dist/tex/generic/pgf/systemlayer/pgfsyssoftpath.code.tex
File: pgfsyssoftpath.code.tex 2025-08-29 v3.1.11a (3.1.11a)
\pgfsyssoftpath@smallbuffer@items=\count315
\pgfsyssoftpath@bigbuffer@items=\count316
)
(c:/texlive/2025/texmf-dist/tex/generic/pgf/systemlayer/pgfsysprotocol.code.tex
File: pgfsysprotocol.code.tex 2025-08-29 v3.1.11a (3.1.11a)
)) (c:/texlive/2025/texmf-dist/tex/latex/xcolor/xcolor.sty
Package: xcolor 2024/09/29 v3.02 LaTeX color extensions (UK)

(c:/texlive/2025/texmf-dist/tex/latex/graphics-cfg/color.cfg
File: color.cfg 2016/01/02 v1.6 sample color configuration
)
Package xcolor Info: Driver file: pdftex.def on input line 274.

(c:/texlive/2025/texmf-dist/tex/latex/graphics/mathcolor.ltx)
Package xcolor Info: Model `cmy' substituted by `cmy0' on input line 1349.
Package xcolor Info: Model `hsb' substituted by `rgb' on input line 1353.
Package xcolor Info: Model `RGB' extended on input line 1365.
Package xcolor Info: Model `HTML' substituted by `rgb' on input line 1367.
Package xcolor Info: Model `Hsb' substituted by `hsb' on input line 1368.
Package xcolor Info: Model `tHsb' substituted by `hsb' on input line 1369.
Package xcolor Info: Model `HSB' substituted by `hsb' on input line 1370.
Package xcolor Info: Model `Gray' substituted by `gray' on input line 1371.
Package xcolor Info: Model `wave' substituted by `hsb' on input line 1372.
)
(c:/texlive/2025/texmf-dist/tex/latex/graphics/dvipsnam.def
File: dvipsnam.def 2016/06/17 v3.0m Driver-dependent file (DPC,SPQR)
)
(c:/texlive/2025/texmf-dist/tex/generic/pgf/basiclayer/pgfcore.code.tex
Package: pgfcore 2025-08-29 v3.1.11a (3.1.11a)

(c:/texlive/2025/texmf-dist/tex/generic/pgf/math/pgfint.code.tex)
(c:/texlive/2025/texmf-dist/tex/generic/pgf/basiclayer/pgfcorepoints.code.tex
File: pgfcorepoints.code.tex 2025-08-29 v3.1.11a (3.1.11a)
\pgf@picminx=\dimen195
\pgf@picmaxx=\dimen196
\pgf@picminy=\dimen197
\pgf@picmaxy=\dimen198
\pgf@pathminx=\dimen199
\pgf@pathmaxx=\dimen256
\pgf@pathminy=\dimen257
\pgf@pathmaxy=\dimen258
\pgf@xx=\dimen259
\pgf@xy=\dimen260
\pgf@yx=\dimen261
\pgf@yy=\dimen262
\pgf@zx=\dimen263
\pgf@zy=\dimen264
)
(c:/texlive/2025/texmf-dist/tex/generic/pgf/basiclayer/pgfcorepathconstruct.cod
e.tex
File: pgfcorepathconstruct.code.tex 2025-08-29 v3.1.11a (3.1.11a)
\pgf@path@lastx=\dimen265
\pgf@path@lasty=\dimen266
)
(c:/texlive/2025/texmf-dist/tex/generic/pgf/basiclayer/pgfcorepathusage.code.te
x
File: pgfcorepathusage.code.tex 2025-08-29 v3.1.11a (3.1.11a)
\pgf@shorten@end@additional=\dimen267
\pgf@shorten@start@additional=\dimen268
)
(c:/texlive/2025/texmf-dist/tex/generic/pgf/basiclayer/pgfcorescopes.code.tex
File: pgfcorescopes.code.tex 2025-08-29 v3.1.11a (3.1.11a)
\pgfpic=\box64
\pgf@hbox=\box65
\pgf@layerbox@main=\box66
\pgf@picture@serial@count=\count317
)
(c:/texlive/2025/texmf-dist/tex/generic/pgf/basiclayer/pgfcoregraphicstate.code
.tex
File: pgfcoregraphicstate.code.tex 2025-08-29 v3.1.11a (3.1.11a)
\pgflinewidth=\dimen269
)
(c:/texlive/2025/texmf-dist/tex/generic/pgf/basiclayer/pgfcoretransformations.c
ode.tex
File: pgfcoretransformations.code.tex 2025-08-29 v3.1.11a (3.1.11a)
\pgf@pt@x=\dimen270
\pgf@pt@y=\dimen271
\pgf@pt@temp=\dimen272
)
(c:/texlive/2025/texmf-dist/tex/generic/pgf/basiclayer/pgfcorequick.code.tex
File: pgfcorequick.code.tex 2025-08-29 v3.1.11a (3.1.11a)
)
(c:/texlive/2025/texmf-dist/tex/generic/pgf/basiclayer/pgfcoreobjects.code.tex
File: pgfcoreobjects.code.tex 2025-08-29 v3.1.11a (3.1.11a)
)
(c:/texlive/2025/texmf-dist/tex/generic/pgf/basiclayer/pgfcorepathprocessing.co
de.tex
File: pgfcorepathprocessing.code.tex 2025-08-29 v3.1.11a (3.1.11a)
)
(c:/texlive/2025/texmf-dist/tex/generic/pgf/basiclayer/pgfcorearrows.code.tex
File: pgfcorearrows.code.tex 2025-08-29 v3.1.11a (3.1.11a)
\pgfarrowsep=\dimen273
)
(c:/texlive/2025/texmf-dist/tex/generic/pgf/basiclayer/pgfcoreshade.code.tex
File: pgfcoreshade.code.tex 2025-08-29 v3.1.11a (3.1.11a)
\pgf@max=\dimen274
\pgf@sys@shading@range@num=\count318
\pgf@shadingcount=\count319
)
(c:/texlive/2025/texmf-dist/tex/generic/pgf/basiclayer/pgfcoreimage.code.tex
File: pgfcoreimage.code.tex 2025-08-29 v3.1.11a (3.1.11a)
)
(c:/texlive/2025/texmf-dist/tex/generic/pgf/basiclayer/pgfcoreexternal.code.tex
File: pgfcoreexternal.code.tex 2025-08-29 v3.1.11a (3.1.11a)
\pgfexternal@startupbox=\box67
) (c:/texlive/2025/texmf-dist/tex/generic/pgf/basiclayer/pgfcorelayers.code.tex
File: pgfcorelayers.code.tex 2025-08-29 v3.1.11a (3.1.11a)
)
(c:/texlive/2025/texmf-dist/tex/generic/pgf/basiclayer/pgfcoretransparency.code
.tex
File: pgfcoretransparency.code.tex 2025-08-29 v3.1.11a (3.1.11a)
)
(c:/texlive/2025/texmf-dist/tex/generic/pgf/basiclayer/pgfcorepatterns.code.tex
File: pgfcorepatterns.code.tex 2025-08-29 v3.1.11a (3.1.11a)
) (c:/texlive/2025/texmf-dist/tex/generic/pgf/basiclayer/pgfcorerdf.code.tex
File: pgfcorerdf.code.tex 2025-08-29 v3.1.11a (3.1.11a)
))) (c:/texlive/2025/texmf-dist/tex/latex/pgf/utilities/xxcolor.sty
Package: xxcolor 2003/10/24 ver 0.1
\XC@nummixins=\count320
\XC@countmixins=\count321
)
(c:/texlive/2025/texmf-dist/tex/latex/base/atbegshi-ltx.sty
Package: atbegshi-ltx 2021/01/10 v1.0c Emulation of the original atbegshi
package with kernel methods
)
(c:/texlive/2025/texmf-dist/tex/latex/hyperref/hyperref.sty
Package: hyperref 2025-07-12 v7.01o Hypertext links for LaTeX

(c:/texlive/2025/texmf-dist/tex/latex/kvsetkeys/kvsetkeys.sty
Package: kvsetkeys 2022-10-05 v1.19 Key value parser (HO)
)
(c:/texlive/2025/texmf-dist/tex/generic/kvdefinekeys/kvdefinekeys.sty
Package: kvdefinekeys 2019-12-19 v1.6 Define keys (HO)
)
(c:/texlive/2025/texmf-dist/tex/generic/pdfescape/pdfescape.sty
Package: pdfescape 2019/12/09 v1.15 Implements pdfTeX's escape features (HO)

(c:/texlive/2025/texmf-dist/tex/generic/ltxcmds/ltxcmds.sty
Package: ltxcmds 2023-12-04 v1.26 LaTeX kernel commands for general use (HO)
)
(c:/texlive/2025/texmf-dist/tex/generic/pdftexcmds/pdftexcmds.sty
Package: pdftexcmds 2020-06-27 v0.33 Utility functions of pdfTeX for LuaTeX (HO
)

(c:/texlive/2025/texmf-dist/tex/generic/infwarerr/infwarerr.sty
Package: infwarerr 2019/12/03 v1.5 Providing info/warning/error messages (HO)
)
Package pdftexcmds Info: \pdf@primitive is available.
Package pdftexcmds Info: \pdf@ifprimitive is available.
Package pdftexcmds Info: \pdfdraftmode found.
))
(c:/texlive/2025/texmf-dist/tex/latex/hycolor/hycolor.sty
Package: hycolor 2020-01-27 v1.10 Color options for hyperref/bookmark (HO)
)
(c:/texlive/2025/texmf-dist/tex/latex/hyperref/nameref.sty
Package: nameref 2025-06-21 v2.57 Cross-referencing by name of section

(c:/texlive/2025/texmf-dist/tex/latex/refcount/refcount.sty
Package: refcount 2019/12/15 v3.6 Data extraction from label references (HO)
)
(c:/texlive/2025/texmf-dist/tex/generic/gettitlestring/gettitlestring.sty
Package: gettitlestring 2019/12/15 v1.6 Cleanup title references (HO)

(c:/texlive/2025/texmf-dist/tex/latex/kvoptions/kvoptions.sty
Package: kvoptions 2022-06-15 v3.15 Key value format for package options (HO)
))
\c@section@level=\count322
)
(c:/texlive/2025/texmf-dist/tex/generic/stringenc/stringenc.sty
Package: stringenc 2019/11/29 v1.12 Convert strings between diff. encodings (HO
)
)
\@linkdim=\dimen275
\Hy@linkcounter=\count323
\Hy@pagecounter=\count324

(c:/texlive/2025/texmf-dist/tex/latex/hyperref/pd1enc.def
File: pd1enc.def 2025-07-12 v7.01o Hyperref: PDFDocEncoding definition (HO)
Now handling font encoding PD1 ...
... no UTF-8 mapping file for font encoding PD1
)
(c:/texlive/2025/texmf-dist/tex/generic/intcalc/intcalc.sty
Package: intcalc 2019/12/15 v1.3 Expandable calculations with integers (HO)
)
\Hy@SavedSpaceFactor=\count325

(c:/texlive/2025/texmf-dist/tex/latex/hyperref/puenc.def
File: puenc.def 2025-07-12 v7.01o Hyperref: PDF Unicode definition (HO)
Now handling font encoding PU ...
... no UTF-8 mapping file for font encoding PU
)
Package hyperref Info: Option `bookmarks' set `true' on input line 4066.
Package hyperref Info: Option `bookmarksopen' set `true' on input line 4066.
Package hyperref Info: Option `implicit' set `false' on input line 4066.
Package hyperref Info: Hyper figures OFF on input line 4195.
Package hyperref Info: Link nesting OFF on input line 4200.
Package hyperref Info: Hyper index ON on input line 4203.
Package hyperref Info: Plain pages OFF on input line 4210.
Package hyperref Info: Backreferencing OFF on input line 4215.
Package hyperref Info: Implicit mode OFF; no redefinition of LaTeX internals.
Package hyperref Info: Bookmarks ON on input line 4462.
\c@Hy@tempcnt=\count326

(c:/texlive/2025/texmf-dist/tex/latex/url/url.sty
\Urlmuskip=\muskip17
Package: url 2013/09/16  ver 3.4  Verb mode for urls, etc.
)
LaTeX Info: Redefining \url on input line 4801.
\XeTeXLinkMargin=\dimen276

(c:/texlive/2025/texmf-dist/tex/generic/bitset/bitset.sty
Package: bitset 2019/12/09 v1.3 Handle bit-vector datatype (HO)

(c:/texlive/2025/texmf-dist/tex/generic/bigintcalc/bigintcalc.sty
Package: bigintcalc 2019/12/15 v1.5 Expandable calculations on big integers (HO
)
))
\Fld@menulength=\count327
\Field@Width=\dimen277
\Fld@charsize=\dimen278
Package hyperref Info: Hyper figures OFF on input line 6078.
Package hyperref Info: Link nesting OFF on input line 6083.
Package hyperref Info: Hyper index ON on input line 6086.
Package hyperref Info: backreferencing OFF on input line 6093.
Package hyperref Info: Link coloring OFF on input line 6098.
Package hyperref Info: Link coloring with OCG OFF on input line 6103.
Package hyperref Info: PDF/A mode OFF on input line 6108.
\Hy@abspage=\count328


Package hyperref Message: Stopped early.

)
Package hyperref Info: Driver (autodetected): hpdftex.
 (c:/texlive/2025/texmf-dist/tex/latex/hyperref/hpdftex.def
File: hpdftex.def 2025-07-12 v7.01o Hyperref driver for pdfTeX
\Fld@listcount=\count329
\c@bookmark@seq@number=\count330

(c:/texlive/2025/texmf-dist/tex/latex/rerunfilecheck/rerunfilecheck.sty
Package: rerunfilecheck 2025-06-21 v1.11 Rerun checks for auxiliary files (HO)

(c:/texlive/2025/texmf-dist/tex/generic/uniquecounter/uniquecounter.sty
Package: uniquecounter 2019/12/15 v1.4 Provide unlimited unique counter (HO)
)
Package uniquecounter Info: New unique counter `rerunfilecheck' on input line 2
84.
))
(c:/texlive/2025/texmf-dist/tex/latex/beamer/beamerbaserequires.sty
(c:/texlive/2025/texmf-dist/tex/latex/beamer/beamerbasecompatibility.sty)
(c:/texlive/2025/texmf-dist/tex/latex/beamer/beamerbasefont.sty
(c:/texlive/2025/texmf-dist/tex/latex/amsfonts/amssymb.sty
Package: amssymb 2013/01/14 v3.01 AMS font symbols

(c:/texlive/2025/texmf-dist/tex/latex/amsfonts/amsfonts.sty
Package: amsfonts 2013/01/14 v3.01 Basic AMSFonts support
\@emptytoks=\toks29
\symAMSa=\mathgroup4
\symAMSb=\mathgroup5
LaTeX Font Info:    Redeclaring math symbol \hbar on input line 98.
LaTeX Font Info:    Overwriting math alphabet `\mathfrak' in version `bold'
(Font)                  U/euf/m/n --> U/euf/b/n on input line 106.
))
(c:/texlive/2025/texmf-dist/tex/latex/sansmathaccent/sansmathaccent.sty
Package: sansmathaccent 2020/01/31

(c:/texlive/2025/texmf-dist/tex/latex/koma-script/scrlfile.sty
Package: scrlfile 2025/09/09 v3.48 KOMA-Script package (file load hooks)

(c:/texlive/2025/texmf-dist/tex/latex/koma-script/scrlfile-hook.sty
Package: scrlfile-hook 2025/09/09 v3.48 KOMA-Script package (using LaTeX hooks)


(c:/texlive/2025/texmf-dist/tex/latex/koma-script/scrlogo.sty
Package: scrlogo 2025/09/09 v3.48 KOMA-Script package (logo)
)))))
(c:/texlive/2025/texmf-dist/tex/latex/beamer/beamerbasetranslator.sty
(c:/texlive/2025/texmf-dist/tex/latex/translator/translator.sty
Package: translator 2021-05-31 v1.12d Easy translation of strings in LaTeX
))
(c:/texlive/2025/texmf-dist/tex/latex/beamer/beamerbasemisc.sty)
(c:/texlive/2025/texmf-dist/tex/latex/beamer/beamerbasetwoscreens.sty)
(c:/texlive/2025/texmf-dist/tex/latex/beamer/beamerbaseoverlay.sty
\beamer@argscount=\count331
\beamer@lastskipcover=\skip52
\beamer@trivlistdepth=\count332
)
(c:/texlive/2025/texmf-dist/tex/latex/beamer/beamerbasetitle.sty)
(c:/texlive/2025/texmf-dist/tex/latex/beamer/beamerbasesection.sty
\c@lecture=\count333
\c@part=\count334
\c@section=\count335
\c@subsection=\count336
\c@subsubsection=\count337
)
(c:/texlive/2025/texmf-dist/tex/latex/beamer/beamerbaseframe.sty
\beamer@framebox=\box68
\beamer@frametitlebox=\box69
\beamer@zoombox=\box70
\beamer@zoomcount=\count338
\beamer@zoomframecount=\count339
\beamer@frametextheight=\dimen279
\c@subsectionslide=\count340
\beamer@frametopskip=\skip53
\beamer@framebottomskip=\skip54
\beamer@frametopskipautobreak=\skip55
\beamer@framebottomskipautobreak=\skip56
\beamer@envbody=\toks30
\framewidth=\dimen280
\c@framenumber=\count341
)
(c:/texlive/2025/texmf-dist/tex/latex/beamer/beamerbaseverbatim.sty
\beamer@verbatimfileout=\write4
)
(c:/texlive/2025/texmf-dist/tex/latex/beamer/beamerbaseframesize.sty
\beamer@splitbox=\box71
\beamer@autobreakcount=\count342
\beamer@autobreaklastheight=\dimen281
\beamer@frametitletoks=\toks31
\beamer@framesubtitletoks=\toks32
)
(c:/texlive/2025/texmf-dist/tex/latex/beamer/beamerbaseframecomponents.sty
\beamer@colheight=\skip57
\beamer@footins=\box72
)
(c:/texlive/2025/texmf-dist/tex/latex/beamer/beamerbasecolor.sty)
(c:/texlive/2025/texmf-dist/tex/latex/beamer/beamerbasenotes.sty
\beamer@frameboxcopy=\box73
)
(c:/texlive/2025/texmf-dist/tex/latex/beamer/beamerbasetoc.sty)
(c:/texlive/2025/texmf-dist/tex/latex/beamer/beamerbasetemplates.sty
\beamer@sbttoks=\toks33

(c:/texlive/2025/texmf-dist/tex/latex/beamer/beamerbaseauxtemplates.sty
(c:/texlive/2025/texmf-dist/tex/latex/beamer/beamerbaseboxes.sty
\bmb@box=\box74
\bmb@colorbox=\box75
\bmb@boxwidth=\dimen282
\bmb@boxheight=\dimen283
\bmb@prevheight=\dimen284
\bmb@temp=\dimen285
\bmb@dima=\dimen286
\bmb@dimb=\dimen287
\bmb@prevheight=\dimen288
)
\beamer@blockheadheight=\dimen289
))
(c:/texlive/2025/texmf-dist/tex/latex/beamer/beamerbaselocalstructure.sty
(c:/texlive/2025/texmf-dist/tex/latex/tools/enumerate.sty
Package: enumerate 2023/07/04 v3.00 enumerate extensions (DPC)
\@enLab=\toks34
)
\beamer@bibiconwidth=\skip58
\c@figure=\count343
\c@table=\count344
\abovecaptionskip=\skip59
\belowcaptionskip=\skip60
)
(c:/texlive/2025/texmf-dist/tex/latex/beamer/beamerbasenavigation.sty
(c:/texlive/2025/texmf-dist/tex/latex/beamer/beamerbasenavigationsymbols.tex)
\beamer@section@min@dim=\dimen290
)
(c:/texlive/2025/texmf-dist/tex/latex/beamer/beamerbasetheorems.sty
(c:/texlive/2025/texmf-dist/tex/latex/amsmath/amsmath.sty
Package: amsmath 2025/06/16 v2.17y AMS math features
\@mathmargin=\skip61

For additional information on amsmath, use the `?' option.
(c:/texlive/2025/texmf-dist/tex/latex/amsmath/amstext.sty
Package: amstext 2024/11/17 v2.01 AMS text

(c:/texlive/2025/texmf-dist/tex/latex/amsmath/amsgen.sty
File: amsgen.sty 1999/11/30 v2.0 generic functions
\@emptytoks=\toks35
\ex@=\dimen291
))
(c:/texlive/2025/texmf-dist/tex/latex/amsmath/amsbsy.sty
Package: amsbsy 1999/11/29 v1.2d Bold Symbols
\pmbraise@=\dimen292
)
(c:/texlive/2025/texmf-dist/tex/latex/amsmath/amsopn.sty
Package: amsopn 2022/04/08 v2.04 operator names
)
\inf@bad=\count345
LaTeX Info: Redefining \frac on input line 233.
\uproot@=\count346
\leftroot@=\count347
LaTeX Info: Redefining \overline on input line 398.
LaTeX Info: Redefining \colon on input line 409.
\classnum@=\count348
\DOTSCASE@=\count349
LaTeX Info: Redefining \ldots on input line 495.
LaTeX Info: Redefining \dots on input line 498.
LaTeX Info: Redefining \cdots on input line 619.
\Mathstrutbox@=\box76
\strutbox@=\box77
LaTeX Info: Redefining \big on input line 721.
LaTeX Info: Redefining \Big on input line 722.
LaTeX Info: Redefining \bigg on input line 723.
LaTeX Info: Redefining \Bigg on input line 724.
\big@size=\dimen293
LaTeX Font Info:    Redeclaring font encoding OML on input line 742.
LaTeX Font Info:    Redeclaring font encoding OMS on input line 743.
\macc@depth=\count350
LaTeX Info: Redefining \bmod on input line 904.
LaTeX Info: Redefining \pmod on input line 909.
LaTeX Info: Redefining \smash on input line 939.
LaTeX Info: Redefining \relbar on input line 969.
LaTeX Info: Redefining \Relbar on input line 970.
\c@MaxMatrixCols=\count351
\dotsspace@=\muskip18
\c@parentequation=\count352
\dspbrk@lvl=\count353
\tag@help=\toks36
\row@=\count354
\column@=\count355
\maxfields@=\count356
\andhelp@=\toks37
\eqnshift@=\dimen294
\alignsep@=\dimen295
\tagshift@=\dimen296
\tagwidth@=\dimen297
\totwidth@=\dimen298
\lineht@=\dimen299
\@envbody=\toks38
\multlinegap=\skip62
\multlinetaggap=\skip63
\mathdisplay@stack=\toks39
LaTeX Info: Redefining \[ on input line 2949.
LaTeX Info: Redefining \] on input line 2950.
)
(c:/texlive/2025/texmf-dist/tex/latex/amscls/amsthm.sty
Package: amsthm 2020/05/29 v2.20.6
\thm@style=\toks40
\thm@bodyfont=\toks41
\thm@headfont=\toks42
\thm@notefont=\toks43
\thm@headpunct=\toks44
\thm@preskip=\skip64
\thm@postskip=\skip65
\thm@headsep=\skip66
\dth@everypar=\toks45
)
\c@theorem=\count357
)
(c:/texlive/2025/texmf-dist/tex/latex/beamer/beamerbasethemes.sty))
(c:/texlive/2025/texmf-dist/tex/latex/beamer/beamerthemedefault.sty
(c:/texlive/2025/texmf-dist/tex/latex/beamer/beamerfontthemedefault.sty)
(c:/texlive/2025/texmf-dist/tex/latex/beamer/beamercolorthemedefault.sty)
(c:/texlive/2025/texmf-dist/tex/latex/beamer/beamerinnerthemedefault.sty
\beamer@dima=\dimen300
\beamer@dimb=\dimen301
)
(c:/texlive/2025/texmf-dist/tex/latex/beamer/beamerouterthemedefault.sty)))
(c:/texlive/2025/texmf-dist/tex/latex/base/fontenc.sty
Package: fontenc 2024/12/21 v2.1c Standard LaTeX package
)
(c:/texlive/2025/texmf-dist/tex/latex/lm/lmodern.sty
Package: lmodern 2015/05/01 v1.6.1 Latin Modern Fonts
LaTeX Font Info:    Overwriting symbol font `operators' in version `normal'
(Font)                  OT1/cmr/m/n --> OT1/lmr/m/n on input line 22.
LaTeX Font Info:    Overwriting symbol font `letters' in version `normal'
(Font)                  OML/cmm/m/it --> OML/lmm/m/it on input line 23.
LaTeX Font Info:    Overwriting symbol font `symbols' in version `normal'
(Font)                  OMS/cmsy/m/n --> OMS/lmsy/m/n on input line 24.
LaTeX Font Info:    Overwriting symbol font `largesymbols' in version `normal'
(Font)                  OMX/cmex/m/n --> OMX/lmex/m/n on input line 25.
LaTeX Font Info:    Overwriting symbol font `operators' in version `bold'
(Font)                  OT1/cmr/bx/n --> OT1/lmr/bx/n on input line 26.
LaTeX Font Info:    Overwriting symbol font `letters' in version `bold'
(Font)                  OML/cmm/b/it --> OML/lmm/b/it on input line 27.
LaTeX Font Info:    Overwriting symbol font `symbols' in version `bold'
(Font)                  OMS/cmsy/b/n --> OMS/lmsy/b/n on input line 28.
LaTeX Font Info:    Overwriting symbol font `largesymbols' in version `bold'
(Font)                  OMX/cmex/m/n --> OMX/lmex/m/n on input line 29.
LaTeX Font Info:    Overwriting math alphabet `\mathbf' in version `normal'
(Font)                  OT1/cmr/bx/n --> OT1/lmr/bx/n on input line 31.
LaTeX Font Info:    Overwriting math alphabet `\mathsf' in version `normal'
(Font)                  OT1/cmss/m/n --> OT1/lmss/m/n on input line 32.
LaTeX Font Info:    Overwriting math alphabet `\mathit' in version `normal'
(Font)                  OT1/cmr/m/it --> OT1/lmr/m/it on input line 33.
LaTeX Font Info:    Overwriting math alphabet `\mathtt' in version `normal'
(Font)                  OT1/cmtt/m/n --> OT1/lmtt/m/n on input line 34.
LaTeX Font Info:    Overwriting math alphabet `\mathbf' in version `bold'
(Font)                  OT1/cmr/bx/n --> OT1/lmr/bx/n on input line 35.
LaTeX Font Info:    Overwriting math alphabet `\mathsf' in version `bold'
(Font)                  OT1/cmss/bx/n --> OT1/lmss/bx/n on input line 36.
LaTeX Font Info:    Overwriting math alphabet `\mathit' in version `bold'
(Font)                  OT1/cmr/bx/it --> OT1/lmr/bx/it on input line 37.
LaTeX Font Info:    Overwriting math alphabet `\mathtt' in version `bold'
(Font)                  OT1/cmtt/m/n --> OT1/lmtt/m/n on input line 38.
)
(c:/texlive/2025/texmf-dist/tex/latex/microtype/microtype.sty
Package: microtype 2025/07/09 v3.2b Micro-typographical refinements (RS)
\MT@toks=\toks46
\MT@tempbox=\box78
\MT@count=\count358
LaTeX Info: Redefining \noprotrusionifhmode on input line 1087.
LaTeX Info: Redefining \leftprotrusion on input line 1088.
\MT@prot@toks=\toks47
LaTeX Info: Redefining \rightprotrusion on input line 1107.
LaTeX Info: Redefining \textls on input line 1449.
\MT@outer@kern=\dimen302
LaTeX Info: Redefining \microtypecontext on input line 2053.
LaTeX Info: Redefining \textmicrotypecontext on input line 2070.
\MT@listname@count=\count359

(c:/texlive/2025/texmf-dist/tex/latex/microtype/microtype-pdftex.def
File: microtype-pdftex.def 2025/07/09 v3.2b Definitions specific to pdftex (RS)

LaTeX Info: Redefining \lsstyle on input line 944.
LaTeX Info: Redefining \lslig on input line 944.
\MT@outer@space=\skip67
)
Package microtype Info: Loading configuration file microtype.cfg.

(c:/texlive/2025/texmf-dist/tex/latex/microtype/microtype.cfg
File: microtype.cfg 2025/07/09 v3.2b microtype main configuration file (RS)
)
LaTeX Info: Redefining \microtypesetup on input line 3065.
)
(c:/texlive/2025/texmf-dist/tex/latex/booktabs/booktabs.sty
Package: booktabs 2020/01/12 v1.61803398 Publication quality tables
\heavyrulewidth=\dimen303
\lightrulewidth=\dimen304
\cmidrulewidth=\dimen305
\belowrulesep=\dimen306
\belowbottomsep=\dimen307
\aboverulesep=\dimen308
\abovetopsep=\dimen309
\cmidrulesep=\dimen310
\cmidrulekern=\dimen311
\defaultaddspace=\dimen312
\@cmidla=\count360
\@cmidlb=\count361
\@aboverulesep=\dimen313
\@belowrulesep=\dimen314
\@thisruleclass=\count362
\@lastruleclass=\count363
\@thisrulewidth=\dimen315
)
(c:/texlive/2025/texmf-dist/tex/latex/pgf/frontendlayer/tikz.sty
(c:/texlive/2025/texmf-dist/tex/latex/pgf/basiclayer/pgf.sty
Package: pgf 2025-08-29 v3.1.11a (3.1.11a)

(c:/texlive/2025/texmf-dist/tex/generic/pgf/modules/pgfmoduleshapes.code.tex
File: pgfmoduleshapes.code.tex 2025-08-29 v3.1.11a (3.1.11a)
\pgfnodeparttextbox=\box79
)
(c:/texlive/2025/texmf-dist/tex/generic/pgf/modules/pgfmoduleplot.code.tex
File: pgfmoduleplot.code.tex 2025-08-29 v3.1.11a (3.1.11a)
)
(c:/texlive/2025/texmf-dist/tex/latex/pgf/compatibility/pgfcomp-version-0-65.st
y
Package: pgfcomp-version-0-65 2025-08-29 v3.1.11a (3.1.11a)
\pgf@nodesepstart=\dimen316
\pgf@nodesepend=\dimen317
)
(c:/texlive/2025/texmf-dist/tex/latex/pgf/compatibility/pgfcomp-version-1-18.st
y
Package: pgfcomp-version-1-18 2025-08-29 v3.1.11a (3.1.11a)
)) (c:/texlive/2025/texmf-dist/tex/latex/pgf/utilities/pgffor.sty
(c:/texlive/2025/texmf-dist/tex/generic/pgf/utilities/pgffor.code.tex
Package: pgffor 2025-08-29 v3.1.11a (3.1.11a)
\pgffor@iter=\dimen318
\pgffor@skip=\dimen319
\pgffor@stack=\toks48
\pgffor@toks=\toks49
))
(c:/texlive/2025/texmf-dist/tex/generic/pgf/frontendlayer/tikz/tikz.code.tex
Package: tikz 2025-08-29 v3.1.11a (3.1.11a)

(c:/texlive/2025/texmf-dist/tex/generic/pgf/libraries/pgflibraryplothandlers.co
de.tex
File: pgflibraryplothandlers.code.tex 2025-08-29 v3.1.11a (3.1.11a)
\pgf@plot@mark@count=\count364
\pgfplotmarksize=\dimen320
)
\tikz@lastx=\dimen321
\tikz@lasty=\dimen322
\tikz@lastxsaved=\dimen323
\tikz@lastysaved=\dimen324
\tikz@lastmovetox=\dimen325
\tikz@lastmovetoy=\dimen326
\tikzleveldistance=\dimen327
\tikzsiblingdistance=\dimen328
\tikz@figbox=\box80
\tikz@figbox@bg=\box81
\tikz@tempbox=\box82
\tikz@tempbox@bg=\box83
\tikztreelevel=\count365
\tikznumberofchildren=\count366
\tikznumberofcurrentchild=\count367
\tikz@fig@count=\count368

(c:/texlive/2025/texmf-dist/tex/generic/pgf/modules/pgfmodulematrix.code.tex
File: pgfmodulematrix.code.tex 2025-08-29 v3.1.11a (3.1.11a)
\pgfmatrixcurrentrow=\count369
\pgfmatrixcurrentcolumn=\count370
\pgf@matrix@numberofcolumns=\count371
)
\tikz@expandcount=\count372

(c:/texlive/2025/texmf-dist/tex/generic/pgf/frontendlayer/tikz/libraries/tikzli
brarytopaths.code.tex
File: tikzlibrarytopaths.code.tex 2025-08-29 v3.1.11a (3.1.11a)
)))
(c:/texlive/2025/texmf-dist/tex/generic/pgf/frontendlayer/tikz/libraries/tikzli
brarypositioning.code.tex
File: tikzlibrarypositioning.code.tex 2025-08-29 v3.1.11a (3.1.11a)
)
(c:/texlive/2025/texmf-dist/tex/generic/pgf/libraries/pgflibraryarrows.meta.cod
e.tex
File: pgflibraryarrows.meta.code.tex 2025-08-29 v3.1.11a (3.1.11a)
\pgfarrowinset=\dimen329
\pgfarrowlength=\dimen330
\pgfarrowwidth=\dimen331
\pgfarrowlinewidth=\dimen332
)
(c:/texlive/2025/texmf-dist/tex/generic/pgf/frontendlayer/tikz/libraries/tikzli
braryfit.code.tex
File: tikzlibraryfit.code.tex 2025-08-29 v3.1.11a (3.1.11a)
)
(c:/texlive/2025/texmf-dist/tex/latex/beamertheme-metropolis/beamerthememetropo
lis.sty
Package: beamerthememetropolis 2017/01/23 v1.2 Metropolis Beamer theme
 (c:/texlive/2025/texmf-dist/tex/latex/pgfopts/pgfopts.sty
Package: pgfopts 2014/07/10 v2.1a LaTeX package options with pgfkeys
\pgfopts@list@add@a@toks=\toks50
\pgfopts@list@add@b@toks=\toks51
)
(c:/texlive/2025/texmf-dist/tex/latex/beamertheme-metropolis/beamerinnerthememe
tropolis.sty
Package: beamerinnerthememetropolis 2017/01/23 Metropolis inner theme
 (c:/texlive/2025/texmf-dist/tex/latex/tools/calc.sty
Package: calc 2025/03/01 v4.3b Infix arithmetic (KKT,FJ)
\calc@Acount=\count373
\calc@Bcount=\count374
\calc@Adimen=\dimen333
\calc@Bdimen=\dimen334
\calc@Askip=\skip68
\calc@Bskip=\skip69
LaTeX Info: Redefining \setlength on input line 86.
LaTeX Info: Redefining \addtolength on input line 87.
\calc@Ccount=\count375
\calc@Cskip=\skip70
)
\metropolis@titleseparator@linewidth=\skip71
\metropolis@progressonsectionpage=\skip72
\metropolis@progressonsectionpage@linewidth=\skip73
\metropolis@blocksep=\skip74
\metropolis@blockadjust=\skip75
\metropolis@parskip=\skip76
)
(c:/texlive/2025/texmf-dist/tex/latex/beamertheme-metropolis/beamerouterthememe
tropolis.sty
Package: beamerouterthememetropolis 2017/01/23 Metropolis outer theme
\metropolis@frametitle@padding=\skip77
\metropolis@progressinheadfoot=\skip78
\metropolis@progressinheadfoot@linewidth=\skip79
)
(c:/texlive/2025/texmf-dist/tex/latex/beamertheme-metropolis/beamercolorthememe
tropolis.sty
Package: beamercolorthememetropolis 2017/01/23 Metropolis color theme
)
(c:/texlive/2025/texmf-dist/tex/latex/beamertheme-metropolis/beamerfontthememet
ropolis.sty
Package: beamerfontthememetropolis 2017/01/23 Metropolis font theme
 (c:/texlive/2025/texmf-dist/tex/generic/iftex/ifxetex.sty
Package: ifxetex 2019/10/25 v0.7 ifxetex legacy package. Use iftex instead.
)
(c:/texlive/2025/texmf-dist/tex/generic/iftex/ifluatex.sty
Package: ifluatex 2019/10/25 v1.5 ifluatex legacy package. Use iftex instead.
)

Package beamerthememetropolis Warning: You need to compile with XeLaTeX or LuaL
aTeX to use the Fira fonts on input line 95.

))
LaTeX Font Info:    Trying to load font information for T1+lmss on input line 6
6.
 (c:/texlive/2025/texmf-dist/tex/latex/lm/t1lmss.fd
File: t1lmss.fd 2015/05/01 v1.6.1 Font defs for Latin Modern
)
(c:/texlive/2025/texmf-dist/tex/latex/l3backend/l3backend-pdftex.def
File: l3backend-pdftex.def 2025-06-09 L3 backend support: PDF output (pdfTeX)
\l__color_backend_stack_int=\count376
)
(./main.aux)
\openout1 = `main.aux'.

LaTeX Font Info:    Checking defaults for OML/cmm/m/it on input line 66.
LaTeX Font Info:    ... okay on input line 66.
LaTeX Font Info:    Checking defaults for OMS/cmsy/m/n on input line 66.
LaTeX Font Info:    ... okay on input line 66.
LaTeX Font Info:    Checking defaults for OT1/cmr/m/n on input line 66.
LaTeX Font Info:    ... okay on input line 66.
LaTeX Font Info:    Checking defaults for T1/cmr/m/n on input line 66.
LaTeX Font Info:    ... okay on input line 66.
LaTeX Font Info:    Checking defaults for TS1/cmr/m/n on input line 66.
LaTeX Font Info:    ... okay on input line 66.
LaTeX Font Info:    Checking defaults for OMX/cmex/m/n on input line 66.
LaTeX Font Info:    ... okay on input line 66.
LaTeX Font Info:    Checking defaults for U/cmr/m/n on input line 66.
LaTeX Font Info:    ... okay on input line 66.
LaTeX Font Info:    Checking defaults for PD1/pdf/m/n on input line 66.
LaTeX Font Info:    ... okay on input line 66.
LaTeX Font Info:    Checking defaults for PU/pdf/m/n on input line 66.
LaTeX Font Info:    ... okay on input line 66.

*geometry* driver: auto-detecting
*geometry* detected driver: pdftex
*geometry* verbose mode - [ preamble ] result:
* driver: pdftex
* paper: custom
* layout: <same size as paper>
* layoutoffset:(h,v)=(0.0pt,0.0pt)
* modes: includehead includefoot 
* h-part:(L,W,R)=(28.45274pt, 398.3386pt, 28.45274pt)
* v-part:(T,H,B)=(0.0pt, 256.0748pt, 0.0pt)
* \paperwidth=455.24408pt
* \paperheight=256.0748pt
* \textwidth=398.3386pt
* \textheight=227.62207pt
* \oddsidemargin=-43.81725pt
* \evensidemargin=-43.81725pt
* \topmargin=-72.26999pt
* \headheight=14.22636pt
* \headsep=0.0pt
* \topskip=11.0pt
* \footskip=14.22636pt
* \marginparwidth=4.0pt
* \marginparsep=10.0pt
* \columnsep=10.0pt
* \skip\footins=10.0pt plus 4.0pt minus 2.0pt
* \hoffset=0.0pt
* \voffset=0.0pt
* \mag=1000
* \@twocolumnfalse
* \@twosidefalse
* \@mparswitchfalse
* \@reversemarginfalse
* (1in=72.27pt=25.4mm, 1cm=28.453pt)

(c:/texlive/2025/texmf-dist/tex/context/base/mkii/supp-pdf.mkii
[Loading MPS to PDF converter (version 2006.09.02).]
\scratchcounter=\count377
\scratchdimen=\dimen335
\scratchbox=\box84
\nofMPsegments=\count378
\nofMParguments=\count379
\everyMPshowfont=\toks52
\MPscratchCnt=\count380
\MPscratchDim=\dimen336
\MPnumerator=\count381
\makeMPintoPDFobject=\count382
\everyMPtoPDFconversion=\toks53
) (c:/texlive/2025/texmf-dist/tex/latex/epstopdf-pkg/epstopdf-base.sty
Package: epstopdf-base 2020-01-24 v2.11 Base part for package epstopdf
Package epstopdf-base Info: Redefining graphics rule for `.eps' on input line 4
85.

(c:/texlive/2025/texmf-dist/tex/latex/latexconfig/epstopdf-sys.cfg
File: epstopdf-sys.cfg 2010/07/13 v1.3 Configuration of (r)epstopdf for TeX Liv
e
))
Package hyperref Info: Link coloring OFF on input line 66.

(./main.out) (./main.out)
\@outlinefile=\write5
\openout5 = `main.out'.

LaTeX Font Info:    Overwriting symbol font `operators' in version `normal'
(Font)                  OT1/lmr/m/n --> OT1/cmss/m/n on input line 66.
LaTeX Font Info:    Overwriting symbol font `operators' in version `bold'
(Font)                  OT1/lmr/bx/n --> OT1/cmss/b/n on input line 66.
LaTeX Font Info:    Overwriting symbol font `operators' in version `normal'
(Font)                  OT1/cmss/m/n --> OT1/lmss/m/n on input line 66.
LaTeX Font Info:    Overwriting symbol font `operators' in version `bold'
(Font)                  OT1/cmss/b/n --> OT1/lmss/b/n on input line 66.
\symnumbers=\mathgroup6
\sympureletters=\mathgroup7
LaTeX Font Info:    Overwriting math alphabet `\mathrm' in version `normal'
(Font)                  OT1/lmss/m/n --> T1/lmr/m/n on input line 66.
LaTeX Font Info:    Redeclaring math alphabet \mathbf on input line 66.
LaTeX Font Info:    Overwriting math alphabet `\mathbf' in version `normal'
(Font)                  OT1/lmr/bx/n --> T1/lmss/b/n on input line 66.
LaTeX Font Info:    Overwriting math alphabet `\mathbf' in version `bold'
(Font)                  OT1/lmr/bx/n --> T1/lmss/b/n on input line 66.
LaTeX Font Info:    Redeclaring math alphabet \mathsf on input line 66.
LaTeX Font Info:    Overwriting math alphabet `\mathsf' in version `normal'
(Font)                  OT1/lmss/m/n --> T1/lmss/m/n on input line 66.
LaTeX Font Info:    Overwriting math alphabet `\mathsf' in version `bold'
(Font)                  OT1/lmss/bx/n --> T1/lmss/m/n on input line 66.
LaTeX Font Info:    Redeclaring math alphabet \mathit on input line 66.
LaTeX Font Info:    Overwriting math alphabet `\mathit' in version `normal'
(Font)                  OT1/lmr/m/it --> T1/lmss/m/it on input line 66.
LaTeX Font Info:    Overwriting math alphabet `\mathit' in version `bold'
(Font)                  OT1/lmr/bx/it --> T1/lmss/m/it on input line 66.
LaTeX Font Info:    Redeclaring math alphabet \mathtt on input line 66.
LaTeX Font Info:    Overwriting math alphabet `\mathtt' in version `normal'
(Font)                  OT1/lmtt/m/n --> T1/lmtt/m/n on input line 66.
LaTeX Font Info:    Overwriting math alphabet `\mathtt' in version `bold'
(Font)                  OT1/lmtt/m/n --> T1/lmtt/m/n on input line 66.
LaTeX Font Info:    Overwriting symbol font `numbers' in version `bold'
(Font)                  T1/lmss/m/n --> T1/lmss/b/n on input line 66.
LaTeX Font Info:    Overwriting symbol font `pureletters' in version `bold'
(Font)                  T1/lmss/m/it --> T1/lmss/b/it on input line 66.
LaTeX Font Info:    Overwriting math alphabet `\mathrm' in version `bold'
(Font)                  OT1/lmss/b/n --> T1/lmr/b/n on input line 66.
LaTeX Font Info:    Overwriting math alphabet `\mathbf' in version `bold'
(Font)                  T1/lmss/b/n --> T1/lmss/b/n on input line 66.
LaTeX Font Info:    Overwriting math alphabet `\mathsf' in version `bold'
(Font)                  T1/lmss/m/n --> T1/lmss/b/n on input line 66.
LaTeX Font Info:    Overwriting math alphabet `\mathit' in version `bold'
(Font)                  T1/lmss/m/it --> T1/lmss/b/it on input line 66.
LaTeX Font Info:    Overwriting math alphabet `\mathtt' in version `bold'
(Font)                  T1/lmtt/m/n --> T1/lmtt/b/n on input line 66.

(c:/texlive/2025/texmf-dist/tex/latex/translator/translator-basic-dictionary-En
glish.dict
Dictionary: translator-basic-dictionary, Language: English 
)
(c:/texlive/2025/texmf-dist/tex/latex/translator/translator-bibliography-dictio
nary-English.dict
Dictionary: translator-bibliography-dictionary, Language: English 
)
(c:/texlive/2025/texmf-dist/tex/latex/translator/translator-environment-diction
ary-English.dict
Dictionary: translator-environment-dictionary, Language: English 
)
(c:/texlive/2025/texmf-dist/tex/latex/translator/translator-months-dictionary-E
nglish.dict
Dictionary: translator-months-dictionary, Language: English 
)
(c:/texlive/2025/texmf-dist/tex/latex/translator/translator-numbers-dictionary-
English.dict
Dictionary: translator-numbers-dictionary, Language: English 
)
(c:/texlive/2025/texmf-dist/tex/latex/translator/translator-theorem-dictionary-
English.dict
Dictionary: translator-theorem-dictionary, Language: English 
)
LaTeX Info: Redefining \microtypecontext on input line 66.
Package microtype Info: Applying patch `item' on input line 66.
Package microtype Info: Applying patch `toc' on input line 66.
Package microtype Info: Applying patch `eqnum' on input line 66.
Package microtype Info: Applying patch `footnote' on input line 66.
Package microtype Info: Applying patch `verbatim' on input line 66.
LaTeX Info: Redefining \microtypesetup on input line 66.
Package microtype Info: Generating PDF output.
Package microtype Info: Character protrusion enabled (level 2).
Package microtype Info: Using default protrusion set `alltext'.
Package microtype Info: Automatic font expansion enabled (level 2),
(microtype)             stretch: 20, shrink: 20, step: 1, non-selected.
Package microtype Info: Using default expansion set `alltext-nott'.
Package microtype Info: Patching command `\showhyphens'.
Package microtype Info: No adjustment of tracking.
Package microtype Info: No adjustment of interword spacing.
Package microtype Info: No adjustment of character kerning.
Package microtype Info: Loading generic protrusion settings for font family
(microtype)             `lmss' (encoding: T1).
(microtype)             For optimal results, create family-specific settings.
(microtype)             See the microtype manual for details.
 (./main.nav)
LaTeX Font Info:    Trying to load font information for OT1+lmss on input line 
71.
 (c:/texlive/2025/texmf-dist/tex/latex/lm/ot1lmss.fd
File: ot1lmss.fd 2015/05/01 v1.6.1 Font defs for Latin Modern
)
Package microtype Info: Loading generic protrusion settings for font family
(microtype)             `lmss' (encoding: OT1).
(microtype)             For optimal results, create family-specific settings.
(microtype)             See the microtype manual for details.
LaTeX Font Info:    Trying to load font information for OML+lmm on input line 7
1.
(c:/texlive/2025/texmf-dist/tex/latex/lm/omllmm.fd
File: omllmm.fd 2015/05/01 v1.6.1 Font defs for Latin Modern
)
LaTeX Font Info:    Trying to load font information for OMS+lmsy on input line 
71.

(c:/texlive/2025/texmf-dist/tex/latex/lm/omslmsy.fd
File: omslmsy.fd 2015/05/01 v1.6.1 Font defs for Latin Modern
)
LaTeX Font Info:    Trying to load font information for OMX+lmex on input line 
71.

(c:/texlive/2025/texmf-dist/tex/latex/lm/omxlmex.fd
File: omxlmex.fd 2015/05/01 v1.6.1 Font defs for Latin Modern
)
LaTeX Font Info:    External font `lmex10' loaded for size
(Font)              <10> on input line 71.
LaTeX Font Info:    External font `lmex10' loaded for size
(Font)              <7> on input line 71.
LaTeX Font Info:    External font `lmex10' loaded for size
(Font)              <5> on input line 71.
LaTeX Font Info:    Trying to load font information for U+msa on input line 71.


(c:/texlive/2025/texmf-dist/tex/latex/amsfonts/umsa.fd
File: umsa.fd 2013/01/14 v3.01 AMS symbols A
)
(c:/texlive/2025/texmf-dist/tex/latex/microtype/mt-msa.cfg
File: mt-msa.cfg 2006/02/04 v1.1 microtype config. file: AMS symbols (a) (RS)
)
LaTeX Font Info:    Trying to load font information for U+msb on input line 71.


(c:/texlive/2025/texmf-dist/tex/latex/amsfonts/umsb.fd
File: umsb.fd 2013/01/14 v3.01 AMS symbols B
)
(c:/texlive/2025/texmf-dist/tex/latex/microtype/mt-msb.cfg
File: mt-msb.cfg 2005/06/01 v1.0 microtype config. file: AMS symbols (b) (RS)
)
LaTeX Font Info:    Font shape `T1/lmss/m/it' in size <10> not available
(Font)              Font shape `T1/lmss/m/sl' tried instead on input line 71.
LaTeX Font Info:    Font shape `T1/lmss/m/it' in size <7> not available
(Font)              Font shape `T1/lmss/m/sl' tried instead on input line 71.
LaTeX Font Info:    Font shape `T1/lmss/m/it' in size <5> not available
(Font)              Font shape `T1/lmss/m/sl' tried instead on input line 71.
LaTeX Font Info:    External font `lmex10' loaded for size
(Font)              <8> on input line 71.
LaTeX Font Info:    External font `lmex10' loaded for size
(Font)              <6> on input line 71.
LaTeX Font Info:    Font shape `T1/lmss/m/it' in size <8> not available
(Font)              Font shape `T1/lmss/m/sl' tried instead on input line 71.
LaTeX Font Info:    Font shape `T1/lmss/m/it' in size <6> not available
(Font)              Font shape `T1/lmss/m/sl' tried instead on input line 71.

Overfull \vbox (15.63992pt too high) detected at line 71
 []



[1

{c:/texlive/2025/texmf-var/fonts/map/pdftex/updmap/pdftex.map}{c:/texlive/2025/
texmf-dist/fonts/enc/dvips/lm/lm-ec.enc}]
LaTeX Font Info:    External font `lmex10' loaded for size
(Font)              <10.95> on input line 74.
LaTeX Font Info:    Font shape `T1/lmss/m/it' in size <10.95> not available
(Font)              Font shape `T1/lmss/m/sl' tried instead on input line 74.


[2

]
LaTeX Font Info:    Trying to load font information for TS1+lmss on input line 
93.
 (c:/texlive/2025/texmf-dist/tex/latex/lm/ts1lmss.fd
File: ts1lmss.fd 2015/05/01 v1.6.1 Font defs for Latin Modern
)
Package microtype Info: Loading generic protrusion settings for font family
(microtype)             `lmss' (encoding: TS1).
(microtype)             For optimal results, create family-specific settings.
(microtype)             See the microtype manual for details.


[3

{c:/texlive/2025/texmf-dist/fonts/enc/dvips/lm/lm-ts1.enc}{c:/texlive/2025/texm
f-dist/fonts/enc/dvips/lm/lm-mathsy.enc}{c:/texlive/2025/texmf-dist/fonts/enc/d
vips/lm/lm-rm.enc}{c:/texlive/2025/texmf-dist/fonts/enc/dvips/lm/lm-mathit.enc}
]

[4

]
LaTeX Font Info:    External font `lmex10' loaded for size
(Font)              <9> on input line 145.
LaTeX Font Info:    Font shape `T1/lmss/m/it' in size <9> not available
(Font)              Font shape `T1/lmss/m/sl' tried instead on input line 145.

Overfull \vbox (26.23209pt too high) detected at line 145
 []



[5

]

[6

]

[7

]
LaTeX Font Info:    Trying to load font information for T1+lmr on input line 19
2.
 (c:/texlive/2025/texmf-dist/tex/latex/lm/t1lmr.fd
File: t1lmr.fd 2015/05/01 v1.6.1 Font defs for Latin Modern
)
(c:/texlive/2025/texmf-dist/tex/latex/microtype/mt-cmr.cfg
File: mt-cmr.cfg 2013/05/19 v2.2 microtype config. file: Computer Modern Roman 
(RS)
)

[8

{c:/texlive/2025/texmf-dist/fonts/enc/dvips/lm/lm-mathex.enc}]

[9

]
<figs/single_only_ladder_256_paper.png, id=127, 953.964pt x 177.7842pt>
File: figs/single_only_ladder_256_paper.png Graphic file (type png)
<use figs/single_only_ladder_256_paper.png>
Package pdftex.def Info: figs/single_only_ladder_256_paper.png  used on input l
ine 209.
(pdftex.def)             Requested size: 398.3477pt x 74.2375pt.


[10

 <./figs/single_only_ladder_256_paper.png>]

[11

]

[12

]

[13

]
Overfull \vbox (19.87688pt too high) detected at line 301
 []



[14

]

[15

]
<figs/iter_ladder_recon_256_paper.png, id=169, 953.60265pt x 320.51746pt>
File: figs/iter_ladder_recon_256_paper.png Graphic file (type png)
<use figs/iter_ladder_recon_256_paper.png>
Package pdftex.def Info: figs/iter_ladder_recon_256_paper.png  used on input li
ne 319.
(pdftex.def)             Requested size: 398.32776pt x 133.8828pt.

Overfull \vbox (18.46379pt too high) detected at line 319
 []



[16

 <./figs/iter_ladder_recon_256_paper.png>]
<figs/iter_ladder_zoom_recon_256_paper.png, id=176, 953.60265pt x 320.51746pt>
File: figs/iter_ladder_zoom_recon_256_paper.png Graphic file (type png)
<use figs/iter_ladder_zoom_recon_256_paper.png>
Package pdftex.def Info: figs/iter_ladder_zoom_recon_256_paper.png  used on inp
ut line 330.
(pdftex.def)             Requested size: 398.32776pt x 133.8828pt.


[17

 <./figs/iter_ladder_zoom_recon_256_paper.png>]
<figs/error_pair_256_paper.png, id=184, 611.76555pt x 341.1144pt>
File: figs/error_pair_256_paper.png Graphic file (type png)
<use figs/error_pair_256_paper.png>
Package pdftex.def Info: figs/error_pair_256_paper.png  used on input line 341.

(pdftex.def)             Requested size: 266.80664pt x 148.76872pt.

Overfull \vbox (19.72481pt too high) detected at line 341
 []



[18

 <./figs/error_pair_256_paper.png>]
<figs/iter_ladder_convergence_256_paper.png, id=191, 714.7503pt x 284.0211pt>
File: figs/iter_ladder_convergence_256_paper.png Graphic file (type png)
<use figs/iter_ladder_convergence_256_paper.png>
Package pdftex.def Info: figs/iter_ladder_convergence_256_paper.png  used on in
put line 352.
(pdftex.def)             Requested size: 351.69214pt x 139.75227pt.

Overfull \vbox (20.30331pt too high) detected at line 352
 []



[19

 <./figs/iter_ladder_convergence_256_paper.png>]
<figs/persistence_500iter.png, id=199, 787.0203pt x 252.2223pt>
File: figs/persistence_500iter.png Graphic file (type png)
<use figs/persistence_500iter.png>
Package pdftex.def Info: figs/persistence_500iter.png  used on input line 364.
(pdftex.def)             Requested size: 398.33678pt x 127.65797pt.

Overfull \vbox (24.29338pt too high) detected at line 364
 []



[20

 <./figs/persistence_500iter.png>]
<../final_figures/H1_cutoff_convergence_256.png, id=206, 498.663pt x 317.988pt>

File: ../final_figures/H1_cutoff_convergence_256.png Graphic file (type png)
<use ../final_figures/H1_cutoff_convergence_256.png>
Package pdftex.def Info: ../final_figures/H1_cutoff_convergence_256.png  used o
n input line 377.
(pdftex.def)             Requested size: 233.29877pt x 148.77022pt.

Overfull \vbox (19.7263pt too high) detected at line 377
 []



[21

 <../final_figures/H1_cutoff_convergence_256.png>]
<../final_figures/H2_eps_convergence_256.png, id=213, 498.663pt x 317.988pt>
File: ../final_figures/H2_eps_convergence_256.png Graphic file (type png)
<use ../final_figures/H2_eps_convergence_256.png>
Package pdftex.def Info: ../final_figures/H2_eps_convergence_256.png  used on i
nput line 389.
(pdftex.def)             Requested size: 233.29877pt x 148.77022pt.

Overfull \vbox (19.7263pt too high) detected at line 389
 []



[22

 <../final_figures/H2_eps_convergence_256.png>]
<../final_figures/H2_eps_headline_recon_256.png, id=220, 689.81715pt x 441.9310
5pt>
File: ../final_figures/H2_eps_headline_recon_256.png Graphic file (type png)
<use ../final_figures/H2_eps_headline_recon_256.png>
Package pdftex.def Info: ../final_figures/H2_eps_headline_recon_256.png  used o
n input line 400.
(pdftex.def)             Requested size: 246.29198pt x 157.78683pt.
LaTeX Font Info:    External font `lmex10' loaded for size
(Font)              <12> on input line 400.
LaTeX Font Info:    Font shape `T1/lmss/m/it' in size <12> not available
(Font)              Font shape `T1/lmss/m/sl' tried instead on input line 400.

Overfull \vbox (28.74292pt too high) detected at line 400
 []



[23

 <../final_figures/H2_eps_headline_recon_256.png>]
<figs/ct2_breast_phantom_intro.png, id=229, 787.38165pt x 278.9622pt>
File: figs/ct2_breast_phantom_intro.png Graphic file (type png)
<use figs/ct2_breast_phantom_intro.png>
Package pdftex.def Info: figs/ct2_breast_phantom_intro.png  used on input line 
412.
(pdftex.def)             Requested size: 398.33945pt x 141.12807pt.


[24

 <./figs/ct2_breast_phantom_intro.png>]
<figs/ct2_breast_iter_ladder_xy.png, id=236, 673.19505pt x 397.485pt>
File: figs/ct2_breast_iter_ladder_xy.png Graphic file (type png)
<use figs/ct2_breast_iter_ladder_xy.png>
Package pdftex.def Info: figs/ct2_breast_iter_ladder_xy.png  used on input line
 422.
(pdftex.def)             Requested size: 259.59691pt x 153.27783pt.

Overfull \vbox (11.58398pt too high) detected at line 422
 []



[25

 <./figs/ct2_breast_iter_ladder_xy.png>]
<figs/ct2_breast_iter_ladder_roi.png, id=244, 673.19505pt x 397.485pt>
File: figs/ct2_breast_iter_ladder_roi.png Graphic file (type png)
<use figs/ct2_breast_iter_ladder_roi.png>
Package pdftex.def Info: figs/ct2_breast_iter_ladder_roi.png  used on input lin
e 433.
(pdftex.def)             Requested size: 251.96474pt x 148.77144pt.

Overfull \vbox (19.72752pt too high) detected at line 433
 []



[26

 <./figs/ct2_breast_iter_ladder_roi.png>]
<figs/ct2_breast_error_ladder.png, id=251, 611.76555pt x 341.1144pt>
File: figs/ct2_breast_error_ladder.png Graphic file (type png)
<use figs/ct2_breast_error_ladder.png>
Package pdftex.def Info: figs/ct2_breast_error_ladder.png  used on input line 4
43.
(pdftex.def)             Requested size: 266.80664pt x 148.76872pt.

Overfull \vbox (7.07487pt too high) detected at line 443
 []



[27

 <./figs/ct2_breast_error_ladder.png>]
<figs/ct2_breast_convergence.png, id=258, 425.6703pt x 281.49165pt>
File: figs/ct2_breast_convergence.png Graphic file (type png)
<use figs/ct2_breast_convergence.png>
Package pdftex.def Info: figs/ct2_breast_convergence.png  used on input line 45
3.
(pdftex.def)             Requested size: 245.42102pt x 162.29454pt.

Overfull \vbox (20.6007pt too high) detected at line 453
 []



[28

 <./figs/ct2_breast_convergence.png>]
<figs/ct2_breast_H3_cutoff_convergence.png, id=265, 497.57895pt x 317.2653pt>
File: figs/ct2_breast_H3_cutoff_convergence.png Graphic file (type png)
<use figs/ct2_breast_H3_cutoff_convergence.png>
Package pdftex.def Info: figs/ct2_breast_H3_cutoff_convergence.png  used on inp
ut line 465.
(pdftex.def)             Requested size: 233.33066pt x 148.77583pt.

Overfull \vbox (7.08199pt too high) detected at line 465
 []



[29

 <./figs/ct2_breast_H3_cutoff_convergence.png>]
<figs/ct2_breast_H4_eps_convergence.png, id=272, 497.57895pt x 317.2653pt>
File: figs/ct2_breast_H4_eps_convergence.png Graphic file (type png)
<use figs/ct2_breast_H4_eps_convergence.png>
Package pdftex.def Info: figs/ct2_breast_H4_eps_convergence.png  used on input 
line 476.
(pdftex.def)             Requested size: 233.33066pt x 148.77583pt.

Overfull \vbox (19.73192pt too high) detected at line 476
 []



[30

 <./figs/ct2_breast_H4_eps_convergence.png>]
<figs/ct2_head_iter_ladder_xy_arc100.png, id=279, 673.19505pt x 397.485pt>
File: figs/ct2_head_iter_ladder_xy_arc100.png Graphic file (type png)
<use figs/ct2_head_iter_ladder_xy_arc100.png>
Package pdftex.def Info: figs/ct2_head_iter_ladder_xy_arc100.png  used on input
 line 486.
(pdftex.def)             Requested size: 259.59691pt x 153.27783pt.

Overfull \vbox (11.58398pt too high) detected at line 486
 []



[31

 <./figs/ct2_head_iter_ladder_xy_arc100.png>]
<figs/ct2_jaw_iter_ladder_xy_arc100.png, id=287, 673.19505pt x 397.485pt>
File: figs/ct2_jaw_iter_ladder_xy_arc100.png Graphic file (type png)
<use figs/ct2_jaw_iter_ladder_xy_arc100.png>
Package pdftex.def Info: figs/ct2_jaw_iter_ladder_xy_arc100.png  used on input 
line 495.
(pdftex.def)             Requested size: 259.59691pt x 153.27783pt.

Overfull \vbox (11.58398pt too high) detected at line 495
 []



[32

 <./figs/ct2_jaw_iter_ladder_xy_arc100.png>]
<figs/multi_arc_convergence_head_jaw.png, id=294, 839.41605pt x 340.75305pt>
File: figs/multi_arc_convergence_head_jaw.png Graphic file (type png)
<use figs/multi_arc_convergence_head_jaw.png>
Package pdftex.def Info: figs/multi_arc_convergence_head_jaw.png  used on input
 line 507.
(pdftex.def)             Requested size: 344.26527pt x 139.75124pt.

Overfull \vbox (10.70732pt too high) detected at line 507
 []



[33

 <./figs/multi_arc_convergence_head_jaw.png>]

[34

]

[35

]

[36

]

[37

]

Package hyperref Warning: Token not allowed in a PDF string (Unicode):
(hyperref)                removing `\translate ' on input line 556.

<../final_figures/H6_eps_hi_convergence_256.png, id=323, 498.663pt x 317.988pt>

File: ../final_figures/H6_eps_hi_convergence_256.png Graphic file (type png)
<use ../final_figures/H6_eps_hi_convergence_256.png>
Package pdftex.def Info: ../final_figures/H6_eps_hi_convergence_256.png  used o
n input line 571.
(pdftex.def)             Requested size: 241.57733pt x 154.04932pt.

Overfull \vbox (17.0054pt too high) detected at line 571
 []



[38

 <../final_figures/H6_eps_hi_convergence_256.png>]

[39

]
<figs/ct2_head_phantom_intro.png, id=337, 787.38165pt x 278.9622pt>
File: figs/ct2_head_phantom_intro.png Graphic file (type png)
<use figs/ct2_head_phantom_intro.png>
Package pdftex.def Info: figs/ct2_head_phantom_intro.png  used on input line 58
5.
(pdftex.def)             Requested size: 398.33945pt x 141.12807pt.


[40

 <./figs/ct2_head_phantom_intro.png>]
<figs/ct2_head_iter_ladder_xy.png, id=344, 673.19505pt x 397.485pt>
File: figs/ct2_head_iter_ladder_xy.png Graphic file (type png)
<use figs/ct2_head_iter_ladder_xy.png>
Package pdftex.def Info: figs/ct2_head_iter_ladder_xy.png  used on input line 5
95.
(pdftex.def)             Requested size: 268.811pt x 158.71825pt.

Overfull \vbox (21.67433pt too high) detected at line 595
 []



[41

 <./figs/ct2_head_iter_ladder_xy.png>]
<figs/ct2_head_error_ladder.png, id=352, 611.76555pt x 341.1144pt>
File: figs/ct2_head_error_ladder.png Graphic file (type png)
<use figs/ct2_head_error_ladder.png>
Package pdftex.def Info: figs/ct2_head_error_ladder.png  used on input line 605
.
(pdftex.def)             Requested size: 276.28143pt x 154.05177pt.

Overfull \vbox (4.35793pt too high) detected at line 605
 []



[42

 <./figs/ct2_head_error_ladder.png>]
<figs/ct2_head_convergence.png, id=359, 425.6703pt x 281.49165pt>
File: figs/ct2_head_convergence.png Graphic file (type png)
<use figs/ct2_head_convergence.png>
Package pdftex.def Info: figs/ct2_head_convergence.png  used on input line 615.

(pdftex.def)             Requested size: 254.13109pt x 168.05441pt.

Overfull \vbox (18.36057pt too high) detected at line 615
 []



[43

 <./figs/ct2_head_convergence.png>]
<figs/ct2_jaw_phantom_intro.png, id=367, 787.38165pt x 278.9622pt>
File: figs/ct2_jaw_phantom_intro.png Graphic file (type png)
<use figs/ct2_jaw_phantom_intro.png>
Package pdftex.def Info: figs/ct2_jaw_phantom_intro.png  used on input line 625
.
(pdftex.def)             Requested size: 398.33945pt x 141.12807pt.


[44

 <./figs/ct2_jaw_phantom_intro.png>]
<figs/ct2_jaw_iter_ladder_xy.png, id=374, 673.19505pt x 397.485pt>
File: figs/ct2_jaw_iter_ladder_xy.png Graphic file (type png)
<use figs/ct2_jaw_iter_ladder_xy.png>
Package pdftex.def Info: figs/ct2_jaw_iter_ladder_xy.png  used on input line 63
5.
(pdftex.def)             Requested size: 268.811pt x 158.71825pt.

Overfull \vbox (9.0244pt too high) detected at line 635
 []



[45

 <./figs/ct2_jaw_iter_ladder_xy.png>]
<figs/ct2_jaw_error_ladder.png, id=381, 611.76555pt x 341.1144pt>
File: figs/ct2_jaw_error_ladder.png Graphic file (type png)
<use figs/ct2_jaw_error_ladder.png>
Package pdftex.def Info: figs/ct2_jaw_error_ladder.png  used on input line 645.

(pdftex.def)             Requested size: 276.28143pt x 154.05177pt.

Overfull \vbox (4.35793pt too high) detected at line 645
 []



[46

 <./figs/ct2_jaw_error_ladder.png>]
<figs/ct2_jaw_convergence.png, id=388, 425.6703pt x 281.49165pt>
File: figs/ct2_jaw_convergence.png Graphic file (type png)
<use figs/ct2_jaw_convergence.png>
Package pdftex.def Info: figs/ct2_jaw_convergence.png  used on input line 654.
(pdftex.def)             Requested size: 254.13109pt x 168.05441pt.

Overfull \vbox (18.36057pt too high) detected at line 654
 []



[47

 <./figs/ct2_jaw_convergence.png>]

[48

]
<figs/ct2_breast_iter_ladder_xy_arc75.png, id=401, 673.19505pt x 397.485pt>
File: figs/ct2_breast_iter_ladder_xy_arc75.png Graphic file (type png)
<use figs/ct2_breast_iter_ladder_xy_arc75.png>
Package pdftex.def Info: figs/ct2_breast_iter_ladder_xy_arc75.png  used on inpu
t line 668.
(pdftex.def)             Requested size: 268.811pt x 158.71825pt.

Overfull \vbox (9.0244pt too high) detected at line 668
 []



[49

 <./figs/ct2_breast_iter_ladder_xy_arc75.png>]
<figs/ct2_breast_error_ladder_arc75.png, id=409, 611.76555pt x 341.1144pt>
File: figs/ct2_breast_error_ladder_arc75.png Graphic file (type png)
<use figs/ct2_breast_error_ladder_arc75.png>
Package pdftex.def Info: figs/ct2_breast_error_ladder_arc75.png  used on input 
line 678.
(pdftex.def)             Requested size: 276.28143pt x 154.05177pt.

Overfull \vbox (4.35793pt too high) detected at line 678
 []



[50

 <./figs/ct2_breast_error_ladder_arc75.png>]
<figs/ct2_breast_convergence_arc75.png, id=416, 425.6703pt x 281.49165pt>
File: figs/ct2_breast_convergence_arc75.png Graphic file (type png)
<use figs/ct2_breast_convergence_arc75.png>
Package pdftex.def Info: figs/ct2_breast_convergence_arc75.png  used on input l
ine 688.
(pdftex.def)             Requested size: 254.13109pt x 168.05441pt.

Overfull \vbox (18.36057pt too high) detected at line 688
 []



[51

 <./figs/ct2_breast_convergence_arc75.png>]
<figs/ct2_head_iter_ladder_xy_arc75.png, id=423, 673.19505pt x 397.485pt>
File: figs/ct2_head_iter_ladder_xy_arc75.png Graphic file (type png)
<use figs/ct2_head_iter_ladder_xy_arc75.png>
Package pdftex.def Info: figs/ct2_head_iter_ladder_xy_arc75.png  used on input 
line 698.
(pdftex.def)             Requested size: 268.811pt x 158.71825pt.

Overfull \vbox (9.0244pt too high) detected at line 698
 []



[52

 <./figs/ct2_head_iter_ladder_xy_arc75.png>]
<figs/ct2_head_error_ladder_arc75.png, id=430, 611.76555pt x 341.1144pt>
File: figs/ct2_head_error_ladder_arc75.png Graphic file (type png)
<use figs/ct2_head_error_ladder_arc75.png>
Package pdftex.def Info: figs/ct2_head_error_ladder_arc75.png  used on input li
ne 707.
(pdftex.def)             Requested size: 276.28143pt x 154.05177pt.

Overfull \vbox (4.35793pt too high) detected at line 707
 []



[53

 <./figs/ct2_head_error_ladder_arc75.png>]
<figs/ct2_head_convergence_arc75.png, id=437, 425.6703pt x 281.49165pt>
File: figs/ct2_head_convergence_arc75.png Graphic file (type png)
<use figs/ct2_head_convergence_arc75.png>
Package pdftex.def Info: figs/ct2_head_convergence_arc75.png  used on input lin
e 717.
(pdftex.def)             Requested size: 254.13109pt x 168.05441pt.

Overfull \vbox (18.36057pt too high) detected at line 717
 []



[54

 <./figs/ct2_head_convergence_arc75.png>]
<figs/ct2_jaw_iter_ladder_xy_arc75.png, id=444, 673.19505pt x 397.485pt>
File: figs/ct2_jaw_iter_ladder_xy_arc75.png Graphic file (type png)
<use figs/ct2_jaw_iter_ladder_xy_arc75.png>
Package pdftex.def Info: figs/ct2_jaw_iter_ladder_xy_arc75.png  used on input l
ine 726.
(pdftex.def)             Requested size: 268.811pt x 158.71825pt.


[55

 <./figs/ct2_jaw_iter_ladder_xy_arc75.png>]
<figs/ct2_jaw_error_ladder_arc75.png, id=452, 611.76555pt x 341.1144pt>
File: figs/ct2_jaw_error_ladder_arc75.png Graphic file (type png)
<use figs/ct2_jaw_error_ladder_arc75.png>
Package pdftex.def Info: figs/ct2_jaw_error_ladder_arc75.png  used on input lin
e 735.
(pdftex.def)             Requested size: 276.28143pt x 154.05177pt.

Overfull \vbox (4.35793pt too high) detected at line 735
 []



[56

 <./figs/ct2_jaw_error_ladder_arc75.png>]
<figs/ct2_jaw_convergence_arc75.png, id=459, 425.6703pt x 281.49165pt>
File: figs/ct2_jaw_convergence_arc75.png Graphic file (type png)
<use figs/ct2_jaw_convergence_arc75.png>
Package pdftex.def Info: figs/ct2_jaw_convergence_arc75.png  used on input line
 744.
(pdftex.def)             Requested size: 254.13109pt x 168.05441pt.

Overfull \vbox (18.36057pt too high) detected at line 744
 []



[57

 <./figs/ct2_jaw_convergence_arc75.png>]
<figs/ct2_breast_iter_ladder_xy_arc100.png, id=466, 673.19505pt x 397.485pt>
File: figs/ct2_breast_iter_ladder_xy_arc100.png Graphic file (type png)
<use figs/ct2_breast_iter_ladder_xy_arc100.png>
Package pdftex.def Info: figs/ct2_breast_iter_ladder_xy_arc100.png  used on inp
ut line 754.
(pdftex.def)             Requested size: 268.811pt x 158.71825pt.

Overfull \vbox (9.0244pt too high) detected at line 754
 []



[58

 <./figs/ct2_breast_iter_ladder_xy_arc100.png>]
<figs/ct2_breast_error_ladder_arc100.png, id=473, 611.76555pt x 341.1144pt>
File: figs/ct2_breast_error_ladder_arc100.png Graphic file (type png)
<use figs/ct2_breast_error_ladder_arc100.png>
Package pdftex.def Info: figs/ct2_breast_error_ladder_arc100.png  used on input
 line 764.
(pdftex.def)             Requested size: 276.28143pt x 154.05177pt.

Overfull \vbox (4.35793pt too high) detected at line 764
 []



[59

 <./figs/ct2_breast_error_ladder_arc100.png>]
<figs/ct2_breast_convergence_arc100.png, id=480, 425.6703pt x 281.49165pt>
File: figs/ct2_breast_convergence_arc100.png Graphic file (type png)
<use figs/ct2_breast_convergence_arc100.png>
Package pdftex.def Info: figs/ct2_breast_convergence_arc100.png  used on input 
line 775.
(pdftex.def)             Requested size: 232.95674pt x 154.05203pt.

Overfull \vbox (17.00812pt too high) detected at line 775
 []



[60

 <./figs/ct2_breast_convergence_arc100.png>]
File: figs/ct2_head_iter_ladder_xy_arc100.png Graphic file (type png)
<use figs/ct2_head_iter_ladder_xy_arc100.png>
Package pdftex.def Info: figs/ct2_head_iter_ladder_xy_arc100.png  used on input
 line 785.
(pdftex.def)             Requested size: 268.811pt x 158.71825pt.

Overfull \vbox (9.0244pt too high) detected at line 785
 []



[61

]
<figs/ct2_head_error_ladder_arc100.png, id=493, 611.76555pt x 341.1144pt>
File: figs/ct2_head_error_ladder_arc100.png Graphic file (type png)
<use figs/ct2_head_error_ladder_arc100.png>
Package pdftex.def Info: figs/ct2_head_error_ladder_arc100.png  used on input l
ine 794.
(pdftex.def)             Requested size: 276.28143pt x 154.05177pt.

Overfull \vbox (4.35793pt too high) detected at line 794
 []



[62

 <./figs/ct2_head_error_ladder_arc100.png>]
<figs/ct2_head_convergence_arc100.png, id=500, 425.6703pt x 281.49165pt>
File: figs/ct2_head_convergence_arc100.png Graphic file (type png)
<use figs/ct2_head_convergence_arc100.png>
Package pdftex.def Info: figs/ct2_head_convergence_arc100.png  used on input li
ne 804.
(pdftex.def)             Requested size: 254.13109pt x 168.05441pt.

Overfull \vbox (18.36057pt too high) detected at line 804
 []



[63

 <./figs/ct2_head_convergence_arc100.png>]
File: figs/ct2_jaw_iter_ladder_xy_arc100.png Graphic file (type png)
<use figs/ct2_jaw_iter_ladder_xy_arc100.png>
Package pdftex.def Info: figs/ct2_jaw_iter_ladder_xy_arc100.png  used on input 
line 813.
(pdftex.def)             Requested size: 268.811pt x 158.71825pt.


[64

]
<figs/ct2_jaw_error_ladder_arc100.png, id=512, 611.76555pt x 341.1144pt>
File: figs/ct2_jaw_error_ladder_arc100.png Graphic file (type png)
<use figs/ct2_jaw_error_ladder_arc100.png>
Package pdftex.def Info: figs/ct2_jaw_error_ladder_arc100.png  used on input li
ne 822.
(pdftex.def)             Requested size: 276.28143pt x 154.05177pt.

Overfull \vbox (4.35793pt too high) detected at line 822
 []



[65

 <./figs/ct2_jaw_error_ladder_arc100.png>]
<figs/ct2_jaw_convergence_arc100.png, id=520, 425.6703pt x 281.49165pt>
File: figs/ct2_jaw_convergence_arc100.png Graphic file (type png)
<use figs/ct2_jaw_convergence_arc100.png>
Package pdftex.def Info: figs/ct2_jaw_convergence_arc100.png  used on input lin
e 832.
(pdftex.def)             Requested size: 254.13109pt x 168.05441pt.

Overfull \vbox (18.36057pt too high) detected at line 832
 []



[66

 <./figs/ct2_jaw_convergence_arc100.png>]

[67

]

[68

]
<figs/shepp_logan_phantom_intro.png, id=540, 785.21355pt x 286.9119pt>
File: figs/shepp_logan_phantom_intro.png Graphic file (type png)
<use figs/shepp_logan_phantom_intro.png>
Package pdftex.def Info: figs/shepp_logan_phantom_intro.png  used on input line
 875.
(pdftex.def)             Requested size: 398.34488pt x 145.5526pt.


[69

 <./figs/shepp_logan_phantom_intro.png>]
<figs/shepp_logan_convergence.png, id=547, 425.6703pt x 281.49165pt>
File: figs/shepp_logan_convergence.png Graphic file (type png)
<use figs/shepp_logan_convergence.png>
Package pdftex.def Info: figs/shepp_logan_convergence.png  used on input line 8
86.
(pdftex.def)             Requested size: 232.95674pt x 154.05203pt.

Overfull \vbox (17.00812pt too high) detected at line 886
 []



[70

 <./figs/shepp_logan_convergence.png>]
<figs/victre_phantom_intro.png, id=554, 751.608pt x 286.9119pt>
File: figs/victre_phantom_intro.png Graphic file (type png)
<use figs/victre_phantom_intro.png>
Package pdftex.def Info: figs/victre_phantom_intro.png  used on input line 897.

(pdftex.def)             Requested size: 398.33888pt x 152.05818pt.

Overfull \vbox (2.36427pt too high) detected at line 897
 []



[71

 <./figs/victre_phantom_intro.png>]
<figs/victre_iter_ladder_roi.png, id=561, 895.4253pt x 400.01445pt>
File: figs/victre_iter_ladder_roi.png Graphic file (type png)
<use figs/victre_iter_ladder_roi.png>
Package pdftex.def Info: figs/victre_iter_ladder_roi.png  used on input line 90
8.
(pdftex.def)             Requested size: 344.84227pt x 154.05182pt.

Overfull \vbox (17.00784pt too high) detected at line 908
 []



[72

 <./figs/victre_iter_ladder_roi.png>]

[73

]
Overfull \vbox (6.21487pt too high) detected at line 943
 []



[74

]

[75

]

[76

]

[77

]

[78

]
\tf@nav=\write6
\openout6 = `main.nav'.

\tf@toc=\write7
\openout7 = `main.toc'.

\tf@snm=\write8
\openout8 = `main.snm'.

 (./main.aux)
 ***********
LaTeX2e <2025-06-01> patch level 1
L3 programming layer <2025-09-02>
 ***********
Package rerunfilecheck Info: File `main.out' has not changed.
(rerunfilecheck)             Checksum: C978961F9331F3258AFB7C8580308323;1645.
 ) 
Here is how much of TeX's memory you used:
 29226 strings out of 467797
 584712 string characters out of 5435982
 970333 words of memory out of 5000000
 56873 multiletter control sequences out of 15000+600000
 757871 words of font info for 237 fonts, out of 8000000 for 9000
 1141 hyphenation exceptions out of 8191
 128i,13n,123p,1871b,794s stack positions out of 10000i,1000n,20000p,200000b,200000s
<c:/texlive/2025/texmf-dist/fonts/type1/public/lm/lmex10.pfb><c:/texlive/2025
/texmf-dist/fonts/type1/public/lm/lmmi10.pfb><c:/texlive/2025/texmf-dist/fonts/
type1/public/lm/lmmi12.pfb><c:/texlive/2025/texmf-dist/fonts/type1/public/lm/lm
mi7.pfb><c:/texlive/2025/texmf-dist/fonts/type1/public/lm/lmmi8.pfb><c:/texlive
/2025/texmf-dist/fonts/type1/public/lm/lmmi9.pfb><c:/texlive/2025/texmf-dist/fo
nts/type1/public/lm/lmr10.pfb><c:/texlive/2025/texmf-dist/fonts/type1/public/lm
/lmr5.pfb><c:/texlive/2025/texmf-dist/fonts/type1/public/lm/lmr6.pfb><c:/texliv
e/2025/texmf-dist/fonts/type1/public/lm/lmr7.pfb><c:/texlive/2025/texmf-dist/fo
nts/type1/public/lm/lmr8.pfb><c:/texlive/2025/texmf-dist/fonts/type1/public/lm/
lmss10.pfb><c:/texlive/2025/texmf-dist/fonts/type1/public/lm/lmss12.pfb><c:/tex
live/2025/texmf-dist/fonts/type1/public/lm/lmss8.pfb><c:/texlive/2025/texmf-dis
t/fonts/type1/public/lm/lmss9.pfb><c:/texlive/2025/texmf-dist/fonts/type1/publi
c/lm/lmssbx10.pfb><c:/texlive/2025/texmf-dist/fonts/type1/public/lm/lmsso10.pfb
><c:/texlive/2025/texmf-dist/fonts/type1/public/lm/lmsso12.pfb><c:/texlive/2025
/texmf-dist/fonts/type1/public/lm/lmsso8.pfb><c:/texlive/2025/texmf-dist/fonts/
type1/public/lm/lmsso9.pfb><c:/texlive/2025/texmf-dist/fonts/type1/public/lm/lm
sy10.pfb><c:/texlive/2025/texmf-dist/fonts/type1/public/lm/lmsy6.pfb><c:/texliv
e/2025/texmf-dist/fonts/type1/public/lm/lmsy7.pfb><c:/texlive/2025/texmf-dist/f
onts/type1/public/lm/lmsy8.pfb><c:/texlive/2025/texmf-dist/fonts/type1/public/l
m/lmsy9.pfb>
Output written on main.pdf (78 pages, 19639465 bytes).
PDF statistics:
 766 PDF objects out of 1000 (max. 8388607)
 521 compressed objects within 6 object streams
 168 named destinations out of 1000 (max. 500000)
 86387 words of extra memory for PDF output out of 89155 (max. 10000000)

