Native phantom: 748x896x897 voxels at 0.1 mm spacing
Physical extent: 74.8 x 89.6 x 89.7 mm
Downsampled phantom: 187x224x224 voxels at 0.40 mm = 0.040 cm
mu range: [0.0000, 0.3750] cm^-1, non-air fraction: 0.433
arc  combo            | i100 | i200 | i300 | i400   | single@400 two@400

=== arc 30 deg ===
Cone-beam: 25 views x 384x384 detector @ 0.50 mm, arc = 30.0 deg, SOD/ODD = 50.0/50.0 cm
Operator norms: ||A||=4.7800  ||dx||=1.9947  ||dy||=1.9948  ||dz||=1.9948
nusino=0.209207  nuxgrad=0.250663  nuygrad=0.250657  nuzgrad=0.250657
Joint power iteration for stacked operator norm...
||K||=1.4139  sig=70.723953  tau=0.007072
Forward-projecting ground-truth phantom...
truesino range [0.0000, 3.2868]
  iter    1: data_err=1.370290  img_err=0.212256  TV=0.00e+00  (2.0s)
  iter    2: data_err=0.958764  img_err=0.163130  TV=5.92e+04  (4.1s)
  iter    5: data_err=0.941246  img_err=0.158107  TV=6.23e+04  (10.3s)
  iter   10: data_err=0.284366  img_err=0.092990  TV=7.72e+04  (20.1s)
  iter   20: data_err=0.104673  img_err=0.076286  TV=8.00e+04  (38.9s)
  iter   50: data_err=0.021093  img_err=0.058140  TV=7.49e+04  (93.0s)
  iter  100: data_err=0.007706  img_err=0.063082  TV=7.03e+04  (178.9s)
  iter  200: data_err=0.002168  img_err=0.059056  TV=6.88e+04  (367.9s)
  iter  300: data_err=0.001267  img_err=0.052833  TV=6.73e+04  (563.3s)
  iter  400: data_err=0.001081  img_err=0.047973  TV=6.65e+04  (806.8s)
CP loop done in 806.8s
  [single arc=30: 975s, final RMSE 0.0480]
Sinogram filters: cutoff_hi=4.0, cutoff_lo=8.0, ||F_hi||_inf=1.000, ||F_lo||_inf=0.999
Joint power iteration (two-channel)...
Total norm: 1.4133  (3D-eff: 2.8265)  sig_hi=35.379320  sig_lo=141.517280  tau=0.003538
Forward-projecting phantom and splitting into hi/lo channels...
  iter    1: data_err=1.366639  img_err=0.212256  TV=0.00e+00  (3.5s)
  iter    2: data_err=0.951541  img_err=0.162885  TV=5.84e+04  (7.4s)
  iter    5: data_err=1.026347  img_err=0.167995  TV=5.39e+04  (18.3s)
  iter   10: data_err=0.350143  img_err=0.099938  TV=6.74e+04  (35.8s)
  iter   20: data_err=0.120470  img_err=0.079598  TV=8.12e+04  (70.6s)
  iter   50: data_err=0.028322  img_err=0.060196  TV=8.14e+04  (175.5s)
  iter  100: data_err=0.014708  img_err=0.062814  TV=7.77e+04  (351.5s)
  iter  200: data_err=0.005024  img_err=0.060004  TV=7.05e+04  (702.8s)
  iter  300: data_err=0.002108  img_err=0.055722  TV=6.50e+04  (1054.1s)
  iter  400: data_err=0.001594  img_err=0.052790  TV=6.26e+04  (1406.8s)
Two-channel CP loop done in 1406.8s
 30  base             |   +0.4 |   -1.6 |   -5.5 |  -10.0   | 0.0480   0.0528  (1666s)
Sinogram filters: cutoff_hi=4.0, cutoff_lo=8.0, ||F_hi||_inf=1.000, ||F_lo||_inf=0.999
Joint power iteration (two-channel)...
Total norm: 1.4134  (3D-eff: 3.9978)  sig_hi=25.013731  sig_lo=200.109848  tau=0.002501
Forward-projecting phantom and splitting into hi/lo channels...
  iter    1: data_err=1.366639  img_err=0.212256  TV=0.00e+00  (3.2s)
  iter    2: data_err=0.950742  img_err=0.162823  TV=5.84e+04  (6.7s)
  iter    5: data_err=1.053081  img_err=0.170994  TV=5.45e+04  (19.0s)
  iter   10: data_err=0.370120  img_err=0.102069  TV=6.76e+04  (36.6s)
  iter   20: data_err=0.126424  img_err=0.080833  TV=7.86e+04  (71.6s)
  iter   50: data_err=0.031936  img_err=0.061197  TV=8.85e+04  (177.0s)
  iter  100: data_err=0.019299  img_err=0.063402  TV=8.75e+04  (352.3s)
  iter  200: data_err=0.007626  img_err=0.060622  TV=7.55e+04  (705.4s)
  iter  300: data_err=0.003177  img_err=0.056586  TV=6.82e+04  (1057.3s)
  iter  400: data_err=0.001868  img_err=0.053978  TV=6.45e+04  (1410.0s)
Two-channel CP loop done in 1410.0s
 30  siglo8           |   -0.5 |   -2.7 |   -7.1 |  -12.5   | 0.0480   0.0540  (1670s)
Sinogram filters: cutoff_hi=4.0, cutoff_lo=8.0, ||F_hi||_inf=1.000, ||F_lo||_inf=0.999
Joint power iteration (two-channel)...
Total norm: 1.4134  (3D-eff: 2.8269)  sig_hi=35.374946  sig_lo=141.499782  tau=0.003537
Forward-projecting phantom and splitting into hi/lo channels...
  iter    1: data_err=1.366639  img_err=0.212256  TV=0.00e+00  (3.2s)
  iter    2: data_err=0.936469  img_err=0.161356  TV=5.80e+04  (6.7s)
  iter    5: data_err=0.997263  img_err=0.164820  TV=5.29e+04  (17.2s)
  iter   10: data_err=0.327955  img_err=0.098370  TV=6.50e+04  (34.7s)
  iter   20: data_err=0.094475  img_err=0.077953  TV=7.64e+04  (69.4s)
  iter   50: data_err=0.017650  img_err=0.058101  TV=7.16e+04  (174.8s)
  iter  100: data_err=0.010725  img_err=0.051092  TV=6.46e+04  (349.1s)
  iter  200: data_err=0.010099  img_err=0.048025  TV=6.15e+04  (698.7s)
  iter  300: data_err=0.010067  img_err=0.046667  TV=6.08e+04  (1051.2s)
  iter  400: data_err=0.010061  img_err=0.045874  TV=6.06e+04  (1351.3s)
Two-channel CP loop done in 1351.3s
 30  r10              |  +19.0 |  +18.7 |  +11.7 |   +4.4   | 0.0480   0.0459  (1610s)
Sinogram filters: cutoff_hi=4.0, cutoff_lo=8.0, ||F_hi||_inf=1.000, ||F_lo||_inf=0.999
Joint power iteration (two-channel)...
Total norm: 1.4127  (3D-eff: 3.9956)  sig_hi=25.027548  sig_lo=200.220387  tau=0.002503
Forward-projecting phantom and splitting into hi/lo channels...
  iter    1: data_err=1.366639  img_err=0.212256  TV=0.00e+00  (2.3s)
  iter    2: data_err=0.938715  img_err=0.161602  TV=5.81e+04  (4.7s)
  iter    5: data_err=1.022911  img_err=0.167661  TV=5.35e+04  (12.1s)
  iter   10: data_err=0.342485  img_err=0.100049  TV=6.52e+04  (24.1s)
  iter   20: data_err=0.100080  img_err=0.079210  TV=7.29e+04  (48.2s)
  iter   50: data_err=0.019103  img_err=0.059376  TV=7.61e+04  (120.4s)
  iter  100: data_err=0.011335  img_err=0.052244  TV=6.80e+04  (240.8s)
  iter  200: data_err=0.010168  img_err=0.049010  TV=6.18e+04  (481.4s)
  iter  300: data_err=0.010087  img_err=0.047500  TV=6.11e+04  (721.9s)
  iter  400: data_err=0.010071  img_err=0.046576  TV=6.07e+04  (962.6s)
Two-channel CP loop done in 962.6s
 30  siglo8-r10       |  +17.2 |  +17.0 |  +10.1 |   +2.9   | 0.0480   0.0466  (1135s)

=== arc 40 deg ===
Cone-beam: 25 views x 384x384 detector @ 0.50 mm, arc = 40.0 deg, SOD/ODD = 50.0/50.0 cm
Operator norms: ||A||=4.7625  ||dx||=1.9947  ||dy||=1.9948  ||dz||=1.9948
nusino=0.209976  nuxgrad=0.250662  nuygrad=0.250657  nuzgrad=0.250657
Joint power iteration for stacked operator norm...
||K||=1.4138  sig=70.731255  tau=0.007073
Forward-projecting ground-truth phantom...
truesino range [0.0000, 3.2808]
  iter    1: data_err=1.361296  img_err=0.212256  TV=0.00e+00  (1.2s)
  iter    2: data_err=0.940710  img_err=0.160626  TV=5.82e+04  (2.3s)
  iter    5: data_err=0.924914  img_err=0.153266  TV=6.50e+04  (5.8s)
  iter   10: data_err=0.303322  img_err=0.087875  TV=8.48e+04  (11.7s)
  iter   20: data_err=0.090786  img_err=0.066082  TV=8.42e+04  (23.4s)
  iter   50: data_err=0.025664  img_err=0.061640  TV=8.01e+04  (58.5s)
  iter  100: data_err=0.008948  img_err=0.060736  TV=7.62e+04  (116.9s)
  iter  200: data_err=0.001954  img_err=0.050129  TV=7.14e+04  (235.3s)
  iter  300: data_err=0.001174  img_err=0.043764  TV=7.00e+04  (353.4s)
  iter  400: data_err=0.001044  img_err=0.039012  TV=6.91e+04  (473.5s)
CP loop done in 473.5s
  [single arc=40: 594s, final RMSE 0.0390]
Sinogram filters: cutoff_hi=4.0, cutoff_lo=8.0, ||F_hi||_inf=1.000, ||F_lo||_inf=0.999
Joint power iteration (two-channel)...
Total norm: 1.4132  (3D-eff: 3.9972)  sig_hi=25.017527  sig_lo=200.140215  tau=0.002502
Forward-projecting phantom and splitting into hi/lo channels...
  iter    1: data_err=1.358032  img_err=0.212256  TV=0.00e+00  (2.2s)
  iter    2: data_err=0.933844  img_err=0.160449  TV=5.76e+04  (4.6s)
  iter    5: data_err=1.028149  img_err=0.166644  TV=5.68e+04  (11.8s)
  iter   10: data_err=0.389118  img_err=0.098397  TV=7.12e+04  (23.8s)
  iter   20: data_err=0.110836  img_err=0.071050  TV=8.14e+04  (47.8s)
  iter   50: data_err=0.037623  img_err=0.063220  TV=9.91e+04  (119.8s)
  iter  100: data_err=0.021832  img_err=0.062846  TV=9.70e+04  (239.9s)
  iter  200: data_err=0.008466  img_err=0.054686  TV=8.08e+04  (480.3s)
  iter  300: data_err=0.003527  img_err=0.049917  TV=7.24e+04  (720.6s)
  iter  400: data_err=0.001944  img_err=0.046976  TV=6.80e+04  (961.0s)
Two-channel CP loop done in 961.0s
 40  siglo8           |   -3.5 |   -9.1 |  -14.1 |  -20.4   | 0.0390   0.0470  (1138s)

=== arc 50 deg ===
Cone-beam: 25 views x 384x384 detector @ 0.50 mm, arc = 50.0 deg, SOD/ODD = 50.0/50.0 cm
Operator norms: ||A||=4.7421  ||dx||=1.9947  ||dy||=1.9948  ||dz||=1.9948
nusino=0.210876  nuxgrad=0.250662  nuygrad=0.250656  nuzgrad=0.250657
Joint power iteration for stacked operator norm...
||K||=1.4137  sig=70.734268  tau=0.007073
Forward-projecting ground-truth phantom...
truesino range [0.0000, 3.2969]
  iter    1: data_err=1.352815  img_err=0.212256  TV=0.00e+00  (1.1s)
  iter    2: data_err=0.926167  img_err=0.158220  TV=5.74e+04  (2.3s)
  iter    5: data_err=0.898720  img_err=0.147437  TV=6.66e+04  (5.8s)
  iter   10: data_err=0.308235  img_err=0.083256  TV=8.94e+04  (11.6s)
  iter   20: data_err=0.083289  img_err=0.059213  TV=8.78e+04  (23.4s)
  iter   50: data_err=0.029695  img_err=0.062193  TV=8.62e+04  (58.5s)
  iter  100: data_err=0.010051  img_err=0.053661  TV=7.97e+04  (117.1s)
  iter  200: data_err=0.002022  img_err=0.040911  TV=7.37e+04  (235.7s)
  iter  300: data_err=0.001083  img_err=0.032887  TV=7.23e+04  (354.1s)
  iter  400: data_err=0.000976  img_err=0.028574  TV=7.20e+04  (475.1s)
CP loop done in 475.1s
  [single arc=50: 595s, final RMSE 0.0286]
Sinogram filters: cutoff_hi=4.0, cutoff_lo=8.0, ||F_hi||_inf=1.000, ||F_lo||_inf=0.999
Joint power iteration (two-channel)...
Total norm: 1.4131  (3D-eff: 2.8262)  sig_hi=35.383672  sig_lo=141.534686  tau=0.003538
Forward-projecting phantom and splitting into hi/lo channels...
  iter    1: data_err=1.349794  img_err=0.212256  TV=0.00e+00  (2.2s)
  iter    2: data_err=0.906141  img_err=0.156688  TV=5.67e+04  (4.6s)
  iter    5: data_err=0.943689  img_err=0.154856  TV=5.68e+04  (11.8s)
  iter   10: data_err=0.353243  img_err=0.089166  TV=7.20e+04  (23.9s)
  iter   20: data_err=0.078530  img_err=0.060238  TV=8.15e+04  (48.1s)
  iter   50: data_err=0.022268  img_err=0.053181  TV=8.61e+04  (120.3s)
  iter  100: data_err=0.010925  img_err=0.047696  TV=7.29e+04  (240.5s)
  iter  200: data_err=0.010103  img_err=0.044224  TV=6.71e+04  (480.8s)
  iter  300: data_err=0.010067  img_err=0.042124  TV=6.60e+04  (721.2s)
  iter  400: data_err=0.010059  img_err=0.040573  TV=6.57e+04  (962.0s)
Two-channel CP loop done in 962.0s
 50  r10              |  +11.1 |   -8.1 |  -28.1 |  -42.0   | 0.0286   0.0406  (1139s)

Wrote C:\Users\Polar\Documents\ct\cache\_victre_combined.txt
