Started at Fri May 22 17:17:41 PDT 2026

=== single-channel reference run ===

============================================================
RUNNING RECONSTRUCTION FOR 256x256 (mfact=2)
alpha=1.9, beta=10.0, itermax=500
============================================================
Loading phantom data...
Generating sinogram data...
Ground truth TV: 2365.86
Computing operator norms...

Running single-channel...
  Total norm: 1.4939, sig: 66.940020, tau: 0.006694
  Iter 1: data_err=0.574461, img_err=0.603139, TV=0.00
  Iter 2: data_err=0.489495, img_err=0.532447, TV=648.04
  Iter 5: data_err=0.247480, img_err=0.342717, TV=2506.94
  Iter 10: data_err=0.439370, img_err=0.483102, TV=3934.50
  Iter 20: data_err=0.385295, img_err=0.427180, TV=3589.06
  Iter 50: data_err=0.109366, img_err=0.183450, TV=4308.03
  Iter 100: data_err=0.114296, img_err=0.220244, TV=3653.61
  Iter 200: data_err=0.040449, img_err=0.182874, TV=3272.66
  Iter 300: data_err=0.013050, img_err=0.148161, TV=2973.30
  Iter 400: data_err=0.004669, img_err=0.116670, TV=2959.78
  Iter 500: data_err=0.002350, img_err=0.098402, TV=2775.27
Running two-channel...
  Total norm: 1.4302, sig_hi: 69.918262, sig_lo: 279.673047, tau: 0.006992
  Iter 1: data_err=0.571752, img_err=0.603139, TV=0.00
  Iter 2: data_err=0.220497, img_err=0.330940, TV=1436.27
  Iter 5: data_err=0.393283, img_err=0.448499, TV=3412.71
  Iter 10: data_err=0.235331, img_err=0.316397, TV=3063.65
  Iter 20: data_err=0.116280, img_err=0.197826, TV=4036.83
  Iter 50: data_err=0.036881, img_err=0.185507, TV=3373.29
  Iter 100: data_err=0.008905, img_err=0.161559, TV=3180.73
  Iter 200: data_err=0.003048, img_err=0.119253, TV=2790.51
  Iter 300: data_err=0.002610, img_err=0.099443, TV=2548.21
  Iter 400: data_err=0.001853, img_err=0.084369, TV=2456.71
  Iter 500: data_err=0.001612, img_err=0.076781, TV=2414.51
  Single-channel: 11.9s, final RMSE=0.098402
  Two-channel: 17.6s, final RMSE=0.076781
  elapsed 42.7s, final RMSE 0.0984

=== two-channel: c_hi=4.0, c_lo=6.0, eps_lo/eps_hi=1.25 ===

============================================================
RUNNING RECONSTRUCTION FOR 256x256 (mfact=2)
alpha=1.9, beta=10.0, itermax=500
============================================================
Loading phantom data...
Generating sinogram data...
Ground truth TV: 2365.86
Computing operator norms...

Running single-channel...
  Total norm: 1.4939, sig: 66.939391, tau: 0.006694
  Iter 1: data_err=0.574461, img_err=0.603139, TV=0.00
  Iter 2: data_err=0.489493, img_err=0.532445, TV=648.06
  Iter 5: data_err=0.247466, img_err=0.342708, TV=2507.00
  Iter 10: data_err=0.439376, img_err=0.483107, TV=3934.52
  Iter 20: data_err=0.385286, img_err=0.427173, TV=3589.01
  Iter 50: data_err=0.109314, img_err=0.183420, TV=4307.97
  Iter 100: data_err=0.114309, img_err=0.220250, TV=3653.65
  Iter 200: data_err=0.040442, img_err=0.182871, TV=3272.67
  Iter 300: data_err=0.013042, img_err=0.148159, TV=2973.32
  Iter 400: data_err=0.004664, img_err=0.116668, TV=2959.78
  Iter 500: data_err=0.002351, img_err=0.098401, TV=2775.28
Running two-channel...
  Total norm: 1.4313, sig_hi: 69.867496, sig_lo: 279.469982, tau: 0.006987
  Iter 1: data_err=0.573160, img_err=0.603139, TV=0.00
  Iter 2: data_err=0.220223, img_err=0.330227, TV=1666.17
  Iter 5: data_err=0.394516, img_err=0.448558, TV=3281.86
  Iter 10: data_err=0.235341, img_err=0.315560, TV=3116.69
  Iter 20: data_err=0.115387, img_err=0.196728, TV=4105.58
  Iter 50: data_err=0.036734, img_err=0.185460, TV=3340.11
  Iter 100: data_err=0.008740, img_err=0.161160, TV=3169.08
  Iter 200: data_err=0.003121, img_err=0.119436, TV=2774.79
  Iter 300: data_err=0.002640, img_err=0.099245, TV=2544.69
  Iter 400: data_err=0.001801, img_err=0.084097, TV=2455.77
  Iter 500: data_err=0.001613, img_err=0.076762, TV=2413.29
  Single-channel: 11.8s, final RMSE=0.098401
  Two-channel: 17.7s, final RMSE=0.076762
  elapsed 42.4s, final RMSE 0.0768

=== two-channel: c_hi=4.0, c_lo=8.0, eps_lo/eps_hi=1.25 ===

============================================================
RUNNING RECONSTRUCTION FOR 256x256 (mfact=2)
alpha=1.9, beta=10.0, itermax=500
============================================================
Loading phantom data...
Generating sinogram data...
Ground truth TV: 2365.86
Computing operator norms...

Running single-channel...
  Total norm: 1.4942, sig: 66.924774, tau: 0.006692
  Iter 1: data_err=0.574461, img_err=0.603139, TV=0.00
  Iter 2: data_err=0.489446, img_err=0.532406, TV=648.42
  Iter 5: data_err=0.247185, img_err=0.342510, TV=2508.21
  Iter 10: data_err=0.439493, img_err=0.483208, TV=3934.64
  Iter 20: data_err=0.385122, img_err=0.427037, TV=3587.93
  Iter 50: data_err=0.108280, img_err=0.182831, TV=4306.40
  Iter 100: data_err=0.114558, img_err=0.220378, TV=3654.27
  Iter 200: data_err=0.040311, img_err=0.182818, TV=3272.59
  Iter 300: data_err=0.012888, img_err=0.148107, TV=2973.31
  Iter 400: data_err=0.004566, img_err=0.116616, TV=2959.44
  Iter 500: data_err=0.002356, img_err=0.098366, TV=2775.20
Running two-channel...
  Total norm: 1.4322, sig_hi: 69.824067, sig_lo: 279.296266, tau: 0.006982
  Iter 1: data_err=0.571752, img_err=0.603139, TV=0.00
  Iter 2: data_err=0.221031, img_err=0.331281, TV=1433.90
  Iter 5: data_err=0.393619, img_err=0.448785, TV=3412.96
  Iter 10: data_err=0.236898, img_err=0.317510, TV=3063.31
  Iter 20: data_err=0.114777, img_err=0.197080, TV=4033.12
  Iter 50: data_err=0.036540, img_err=0.185463, TV=3377.50
  Iter 100: data_err=0.008900, img_err=0.161702, TV=3181.91
  Iter 200: data_err=0.003039, img_err=0.119282, TV=2792.40
  Iter 300: data_err=0.002603, img_err=0.099487, TV=2548.75
  Iter 400: data_err=0.001861, img_err=0.084431, TV=2456.71
  Iter 500: data_err=0.001612, img_err=0.076820, TV=2414.58
  Single-channel: 11.9s, final RMSE=0.098366
  Two-channel: 17.8s, final RMSE=0.076820
  elapsed 42.6s, final RMSE 0.0768

=== two-channel: c_hi=4.0, c_lo=12.0, eps_lo/eps_hi=1.25 ===

============================================================
RUNNING RECONSTRUCTION FOR 256x256 (mfact=2)
alpha=1.9, beta=10.0, itermax=500
============================================================
Loading phantom data...
Generating sinogram data...
Ground truth TV: 2365.86
Computing operator norms...

Running single-channel...
  Total norm: 1.4938, sig: 66.941340, tau: 0.006694
  Iter 1: data_err=0.574461, img_err=0.603139, TV=0.00
  Iter 2: data_err=0.489495, img_err=0.532446, TV=648.04
  Iter 5: data_err=0.247485, img_err=0.342721, TV=2506.97
  Iter 10: data_err=0.439371, img_err=0.483102, TV=3934.55
  Iter 20: data_err=0.385296, img_err=0.427181, TV=3589.12
  Iter 50: data_err=0.109368, img_err=0.183451, TV=4308.09
  Iter 100: data_err=0.114296, img_err=0.220245, TV=3653.63
  Iter 200: data_err=0.040449, img_err=0.182875, TV=3272.65
  Iter 300: data_err=0.013050, img_err=0.148162, TV=2973.29
  Iter 400: data_err=0.004669, img_err=0.116672, TV=2959.76
  Iter 500: data_err=0.002350, img_err=0.098404, TV=2775.25
Running two-channel...
  Total norm: 1.4308, sig_hi: 69.892754, sig_lo: 279.571015, tau: 0.006989
  Iter 1: data_err=0.569041, img_err=0.603139, TV=0.00
  Iter 2: data_err=0.221902, img_err=0.333455, TV=1174.35
  Iter 5: data_err=0.390684, img_err=0.448186, TV=3238.55
  Iter 10: data_err=0.234167, img_err=0.317039, TV=3242.49
  Iter 20: data_err=0.117410, img_err=0.199489, TV=3976.62
  Iter 50: data_err=0.036583, img_err=0.185260, TV=3378.82
  Iter 100: data_err=0.009405, img_err=0.162311, TV=3205.75
  Iter 200: data_err=0.002942, img_err=0.119002, TV=2826.12
  Iter 300: data_err=0.002413, img_err=0.099481, TV=2559.38
  Iter 400: data_err=0.001970, img_err=0.084837, TV=2457.29
  Iter 500: data_err=0.001636, img_err=0.076768, TV=2415.04
  Single-channel: 11.9s, final RMSE=0.098404
  Two-channel: 18.0s, final RMSE=0.076768
  elapsed 42.7s, final RMSE 0.0768

=== two-channel: c_hi=4.0, c_lo=16.0, eps_lo/eps_hi=1.25 ===

============================================================
RUNNING RECONSTRUCTION FOR 256x256 (mfact=2)
alpha=1.9, beta=10.0, itermax=500
============================================================
Loading phantom data...
Generating sinogram data...
Ground truth TV: 2365.86
Computing operator norms...

Running single-channel...
  Total norm: 1.4939, sig: 66.941119, tau: 0.006694
  Iter 1: data_err=0.574461, img_err=0.603139, TV=0.00
  Iter 2: data_err=0.489497, img_err=0.532448, TV=648.03
  Iter 5: data_err=0.247493, img_err=0.342726, TV=2506.90
  Iter 10: data_err=0.439366, img_err=0.483098, TV=3934.51
  Iter 20: data_err=0.385301, img_err=0.427185, TV=3589.12
  Iter 50: data_err=0.109406, img_err=0.183473, TV=4308.10
  Iter 100: data_err=0.114287, img_err=0.220239, TV=3653.57
  Iter 200: data_err=0.040453, img_err=0.182876, TV=3272.63
  Iter 300: data_err=0.013056, img_err=0.148163, TV=2973.27
  Iter 400: data_err=0.004673, img_err=0.116672, TV=2959.75
  Iter 500: data_err=0.002350, img_err=0.098403, TV=2775.24
Running two-channel...
  Total norm: 1.4291, sig_hi: 69.972860, sig_lo: 279.891441, tau: 0.006997
  Iter 1: data_err=0.566626, img_err=0.603139, TV=0.00
  Iter 2: data_err=0.221787, img_err=0.335271, TV=1035.65
  Iter 5: data_err=0.387917, img_err=0.447546, TV=3025.63
  Iter 10: data_err=0.229526, img_err=0.315391, TV=3332.73
  Iter 20: data_err=0.120241, img_err=0.202436, TV=4015.74
  Iter 50: data_err=0.037544, img_err=0.185682, TV=3367.99
  Iter 100: data_err=0.009480, img_err=0.163322, TV=3223.14
  Iter 200: data_err=0.003113, img_err=0.119453, TV=2861.33
  Iter 300: data_err=0.002195, img_err=0.099270, TV=2577.98
  Iter 400: data_err=0.001984, img_err=0.084917, TV=2459.76
  Iter 500: data_err=0.001694, img_err=0.076571, TV=2414.27
  Single-channel: 11.9s, final RMSE=0.098403
  Two-channel: 17.8s, final RMSE=0.076571
  elapsed 42.6s, final RMSE 0.0766
Saved /Users/taro/Documents/ct/final_figures/H1_cutoff_recon_256.png
Saved /Users/taro/Documents/ct/final_figures/H1_cutoff_error_256.png
Saved /Users/taro/Documents/ct/final_figures/H1_cutoff_lferror_256.png
Saved /Users/taro/Documents/ct/final_figures/H1_cutoff_convergence_256.png

H1 cutoff sweep -- 2D paper-breast 256x256
c_hi fixed at 4.0, eps_lo/eps_hi = 1.25
itermax = 500
========================================================================

config                 | iter   50 | iter  100 | iter  200 | iter  500 | LF RMSE @ iter 200
------------------------------------------------------------------------
single (ref)           | 0.1834     | 0.2202     | 0.1829     | 0.0984     | 0.1292
two c_lo=6.0           | 0.1855     | 0.1612     | 0.1194     | 0.0768     | 0.0629
two c_lo=8.0           | 0.1855     | 0.1617     | 0.1193     | 0.0768     | 0.0621
two c_lo=12.0          | 0.1853     | 0.1623     | 0.1190     | 0.0768     | 0.0605
two c_lo=16.0          | 0.1857     | 0.1633     | 0.1195     | 0.0766     | 0.0598
Saved /Users/taro/Documents/ct/final_figures/H1_cutoff_summary_256.txt
=== H1 done ===

=== single-channel reference run ===

============================================================
RUNNING RECONSTRUCTION FOR 256x256 (mfact=2)
alpha=1.9, beta=10.0, itermax=500
============================================================
Loading phantom data...
Generating sinogram data...
Ground truth TV: 2365.86
Computing operator norms...

Running single-channel...
  Total norm: 1.4939, sig: 66.940020, tau: 0.006694
  Iter 1: data_err=0.574461, img_err=0.603139, TV=0.00
  Iter 2: data_err=0.489495, img_err=0.532447, TV=648.04
  Iter 5: data_err=0.247480, img_err=0.342717, TV=2506.94
  Iter 10: data_err=0.439370, img_err=0.483102, TV=3934.50
  Iter 20: data_err=0.385295, img_err=0.427180, TV=3589.06
  Iter 50: data_err=0.109366, img_err=0.183450, TV=4308.03
  Iter 100: data_err=0.114296, img_err=0.220244, TV=3653.61
  Iter 200: data_err=0.040449, img_err=0.182874, TV=3272.66
  Iter 300: data_err=0.013050, img_err=0.148161, TV=2973.30
  Iter 400: data_err=0.004669, img_err=0.116670, TV=2959.78
  Iter 500: data_err=0.002350, img_err=0.098402, TV=2775.27
Running two-channel...
  Total norm: 1.4302, sig_hi: 69.918262, sig_lo: 279.673047, tau: 0.006992
  Iter 1: data_err=0.571752, img_err=0.603139, TV=0.00
  Iter 2: data_err=0.220497, img_err=0.330940, TV=1436.27
  Iter 5: data_err=0.393283, img_err=0.448499, TV=3412.71
  Iter 10: data_err=0.235331, img_err=0.316397, TV=3063.65
  Iter 20: data_err=0.116280, img_err=0.197826, TV=4036.83
  Iter 50: data_err=0.036881, img_err=0.185507, TV=3373.29
  Iter 100: data_err=0.008905, img_err=0.161559, TV=3180.73
  Iter 200: data_err=0.003048, img_err=0.119253, TV=2790.51
  Iter 300: data_err=0.002610, img_err=0.099443, TV=2548.21
  Iter 400: data_err=0.001853, img_err=0.084369, TV=2456.71
  Iter 500: data_err=0.001612, img_err=0.076781, TV=2414.51
  Single-channel: 13.4s, final RMSE=0.098402
  Two-channel: 19.7s, final RMSE=0.076781
  elapsed 47.3s, final RMSE 0.0984

=== two-channel: eps_lo/eps_hi=0.25, c_hi=4.0, c_lo=8.0 ===

============================================================
RUNNING RECONSTRUCTION FOR 256x256 (mfact=2)
alpha=1.9, beta=10.0, itermax=500
============================================================
Loading phantom data...
Generating sinogram data...
Ground truth TV: 2365.86
Computing operator norms...

Running single-channel...
  Total norm: 1.4939, sig: 66.939391, tau: 0.006694
  Iter 1: data_err=0.574461, img_err=0.603139, TV=0.00
  Iter 2: data_err=0.489493, img_err=0.532445, TV=648.06
  Iter 5: data_err=0.247466, img_err=0.342708, TV=2507.00
  Iter 10: data_err=0.439376, img_err=0.483107, TV=3934.52
  Iter 20: data_err=0.385286, img_err=0.427173, TV=3589.01
  Iter 50: data_err=0.109314, img_err=0.183420, TV=4307.97
  Iter 100: data_err=0.114309, img_err=0.220250, TV=3653.65
  Iter 200: data_err=0.040442, img_err=0.182871, TV=3272.67
  Iter 300: data_err=0.013042, img_err=0.148159, TV=2973.32
  Iter 400: data_err=0.004664, img_err=0.116668, TV=2959.78
  Iter 500: data_err=0.002351, img_err=0.098401, TV=2775.28
Running two-channel...
  Total norm: 1.4312, sig_hi: 69.871757, sig_lo: 279.487027, tau: 0.006987
  Iter 1: data_err=0.571752, img_err=0.603139, TV=0.00
  Iter 2: data_err=0.220346, img_err=0.330844, TV=1436.69
  Iter 5: data_err=0.395356, img_err=0.450191, TV=3417.33
  Iter 10: data_err=0.237740, img_err=0.318077, TV=3066.04
  Iter 20: data_err=0.118025, img_err=0.198586, TV=4046.56
  Iter 50: data_err=0.037351, img_err=0.191041, TV=3413.07
  Iter 100: data_err=0.009939, img_err=0.171069, TV=3262.36
  Iter 200: data_err=0.003951, img_err=0.123359, TV=2896.39
  Iter 300: data_err=0.003358, img_err=0.102164, TV=2598.32
  Iter 400: data_err=0.002348, img_err=0.090983, TV=2480.48
  Iter 500: data_err=0.001511, img_err=0.092137, TV=2440.30
  Single-channel: 13.5s, final RMSE=0.098401
  Two-channel: 19.6s, final RMSE=0.092137
  elapsed 47.3s, final RMSE 0.0921

=== two-channel: eps_lo/eps_hi=0.5, c_hi=4.0, c_lo=8.0 ===

============================================================
RUNNING RECONSTRUCTION FOR 256x256 (mfact=2)
alpha=1.9, beta=10.0, itermax=500
============================================================
Loading phantom data...
Generating sinogram data...
Ground truth TV: 2365.86
Computing operator norms...

Running single-channel...
  Total norm: 1.4942, sig: 66.924774, tau: 0.006692
  Iter 1: data_err=0.574461, img_err=0.603139, TV=0.00
  Iter 2: data_err=0.489446, img_err=0.532406, TV=648.42
  Iter 5: data_err=0.247185, img_err=0.342510, TV=2508.21
  Iter 10: data_err=0.439493, img_err=0.483208, TV=3934.64
  Iter 20: data_err=0.385122, img_err=0.427037, TV=3587.93
  Iter 50: data_err=0.108280, img_err=0.182831, TV=4306.40
  Iter 100: data_err=0.114558, img_err=0.220378, TV=3654.27
  Iter 200: data_err=0.040311, img_err=0.182818, TV=3272.59
  Iter 300: data_err=0.012888, img_err=0.148107, TV=2973.31
  Iter 400: data_err=0.004566, img_err=0.116616, TV=2959.44
  Iter 500: data_err=0.002356, img_err=0.098366, TV=2775.20
Running two-channel...
  Total norm: 1.4322, sig_hi: 69.824067, sig_lo: 279.296266, tau: 0.006982
  Iter 1: data_err=0.571752, img_err=0.603139, TV=0.00
  Iter 2: data_err=0.220608, img_err=0.331011, TV=1435.59
  Iter 5: data_err=0.395004, img_err=0.449910, TV=3416.40
  Iter 10: data_err=0.237793, img_err=0.318122, TV=3065.36
  Iter 20: data_err=0.116974, img_err=0.198085, TV=4042.81
  Iter 50: data_err=0.037082, img_err=0.189613, TV=3404.88
  Iter 100: data_err=0.009656, img_err=0.168627, TV=3241.47
  Iter 200: data_err=0.003672, img_err=0.122171, TV=2867.08
  Iter 300: data_err=0.003089, img_err=0.101185, TV=2580.93
  Iter 400: data_err=0.002101, img_err=0.087927, TV=2470.01
  Iter 500: data_err=0.001371, img_err=0.085309, TV=2426.19
  Single-channel: 13.5s, final RMSE=0.098366
  Two-channel: 19.7s, final RMSE=0.085309
  elapsed 47.5s, final RMSE 0.0853

=== two-channel: eps_lo/eps_hi=1.0, c_hi=4.0, c_lo=8.0 ===

============================================================
RUNNING RECONSTRUCTION FOR 256x256 (mfact=2)
alpha=1.9, beta=10.0, itermax=500
============================================================
Loading phantom data...
Generating sinogram data...
Ground truth TV: 2365.86
Computing operator norms...

Running single-channel...
  Total norm: 1.4938, sig: 66.941340, tau: 0.006694
  Iter 1: data_err=0.574461, img_err=0.603139, TV=0.00
  Iter 2: data_err=0.489495, img_err=0.532446, TV=648.04
  Iter 5: data_err=0.247485, img_err=0.342721, TV=2506.97
  Iter 10: data_err=0.439371, img_err=0.483102, TV=3934.55
  Iter 20: data_err=0.385296, img_err=0.427181, TV=3589.12
  Iter 50: data_err=0.109368, img_err=0.183451, TV=4308.09
  Iter 100: data_err=0.114296, img_err=0.220245, TV=3653.63
  Iter 200: data_err=0.040449, img_err=0.182875, TV=3272.65
  Iter 300: data_err=0.013050, img_err=0.148162, TV=2973.29
  Iter 400: data_err=0.004669, img_err=0.116672, TV=2959.76
  Iter 500: data_err=0.002350, img_err=0.098404, TV=2775.25
Running two-channel...
  Total norm: 1.4310, sig_hi: 69.881547, sig_lo: 279.526186, tau: 0.006988
  Iter 1: data_err=0.571752, img_err=0.603139, TV=0.00
  Iter 2: data_err=0.220707, img_err=0.331074, TV=1435.28
  Iter 5: data_err=0.393933, img_err=0.449034, TV=3413.89
  Iter 10: data_err=0.236665, img_err=0.317336, TV=3063.88
  Iter 20: data_err=0.116006, img_err=0.197656, TV=4037.31
  Iter 50: data_err=0.036825, img_err=0.186845, TV=3384.95
  Iter 100: data_err=0.009133, img_err=0.163871, TV=3200.61
  Iter 200: data_err=0.003211, img_err=0.120128, TV=2813.89
  Iter 300: data_err=0.002708, img_err=0.099879, TV=2555.80
  Iter 400: data_err=0.001845, img_err=0.084880, TV=2459.00
  Iter 500: data_err=0.001449, img_err=0.078189, TV=2415.32
  Single-channel: 13.6s, final RMSE=0.098404
  Two-channel: 19.8s, final RMSE=0.078189
  elapsed 47.8s, final RMSE 0.0782

=== two-channel: eps_lo/eps_hi=1.25, c_hi=4.0, c_lo=8.0 ===

============================================================
RUNNING RECONSTRUCTION FOR 256x256 (mfact=2)
alpha=1.9, beta=10.0, itermax=500
============================================================
Loading phantom data...
Generating sinogram data...
Ground truth TV: 2365.86
Computing operator norms...

Running single-channel...
  Total norm: 1.4939, sig: 66.941119, tau: 0.006694
  Iter 1: data_err=0.574461, img_err=0.603139, TV=0.00
  Iter 2: data_err=0.489497, img_err=0.532448, TV=648.03
  Iter 5: data_err=0.247493, img_err=0.342726, TV=2506.90
  Iter 10: data_err=0.439366, img_err=0.483098, TV=3934.51
  Iter 20: data_err=0.385301, img_err=0.427185, TV=3589.12
  Iter 50: data_err=0.109406, img_err=0.183473, TV=4308.10
  Iter 100: data_err=0.114287, img_err=0.220239, TV=3653.57
  Iter 200: data_err=0.040453, img_err=0.182876, TV=3272.63
  Iter 300: data_err=0.013056, img_err=0.148163, TV=2973.27
  Iter 400: data_err=0.004673, img_err=0.116672, TV=2959.75
  Iter 500: data_err=0.002350, img_err=0.098403, TV=2775.24
Running two-channel...
  Total norm: 1.4297, sig_hi: 69.947173, sig_lo: 279.788691, tau: 0.006995
  Iter 1: data_err=0.571752, img_err=0.603139, TV=0.00
  Iter 2: data_err=0.220248, img_err=0.330781, TV=1437.39
  Iter 5: data_err=0.393145, img_err=0.448381, TV=3412.69
  Iter 10: data_err=0.234594, img_err=0.315875, TV=3063.98
  Iter 20: data_err=0.116996, img_err=0.198187, TV=4038.82
  Iter 50: data_err=0.037038, img_err=0.185528, TV=3371.44
  Iter 100: data_err=0.008908, img_err=0.161494, TV=3180.21
  Iter 200: data_err=0.003052, img_err=0.119243, TV=2789.71
  Iter 300: data_err=0.002613, img_err=0.099428, TV=2547.95
  Iter 400: data_err=0.001850, img_err=0.084346, TV=2456.71
  Iter 500: data_err=0.001612, img_err=0.076768, TV=2414.47
  Single-channel: 13.8s, final RMSE=0.098403
  Two-channel: 19.8s, final RMSE=0.076768
  elapsed 47.9s, final RMSE 0.0768

=== two-channel: eps_lo/eps_hi=2.0, c_hi=4.0, c_lo=8.0 ===

============================================================
RUNNING RECONSTRUCTION FOR 256x256 (mfact=2)
alpha=1.9, beta=10.0, itermax=500
============================================================
Loading phantom data...
Generating sinogram data...
Ground truth TV: 2365.86
Computing operator norms...

Running single-channel...
  Total norm: 1.4939, sig: 66.941034, tau: 0.006694
  Iter 1: data_err=0.574461, img_err=0.603139, TV=0.00
  Iter 2: data_err=0.489497, img_err=0.532449, TV=648.02
  Iter 5: data_err=0.247496, img_err=0.342728, TV=2506.88
  Iter 10: data_err=0.439364, img_err=0.483096, TV=3934.50
  Iter 20: data_err=0.385303, img_err=0.427187, TV=3589.13
  Iter 50: data_err=0.109421, img_err=0.183481, TV=4308.12
  Iter 100: data_err=0.114283, img_err=0.220237, TV=3653.57
  Iter 200: data_err=0.040455, img_err=0.182876, TV=3272.65
  Iter 300: data_err=0.013058, img_err=0.148164, TV=2973.29
  Iter 400: data_err=0.004675, img_err=0.116673, TV=2959.79
  Iter 500: data_err=0.002350, img_err=0.098404, TV=2775.27
Running two-channel...
  Total norm: 1.4274, sig_hi: 70.059792, sig_lo: 280.239167, tau: 0.007006
  Iter 1: data_err=0.571752, img_err=0.603139, TV=0.00
  Iter 2: data_err=0.219637, img_err=0.330392, TV=1440.31
  Iter 5: data_err=0.391190, img_err=0.446770, TV=3409.19
  Iter 10: data_err=0.230649, img_err=0.313116, TV=3063.09
  Iter 20: data_err=0.117681, img_err=0.198642, TV=4037.25
  Iter 50: data_err=0.037185, img_err=0.181594, TV=3337.74
  Iter 100: data_err=0.008404, img_err=0.155150, TV=3124.49
  Iter 200: data_err=0.002923, img_err=0.117094, TV=2735.08
  Iter 300: data_err=0.002653, img_err=0.098565, TV=2532.63
  Iter 400: data_err=0.002269, img_err=0.084424, TV=2455.34
  Iter 500: data_err=0.002229, img_err=0.075742, TV=2415.06
  Single-channel: 13.6s, final RMSE=0.098404
  Two-channel: 19.7s, final RMSE=0.075742
  elapsed 47.7s, final RMSE 0.0757
Saved /Users/taro/Documents/ct/final_figures/H2_eps_recon_256.png
Saved /Users/taro/Documents/ct/final_figures/H2_eps_error_256.png
Saved /Users/taro/Documents/ct/final_figures/H2_eps_lferror_256.png
Saved /Users/taro/Documents/ct/final_figures/H2_eps_convergence_256.png

H2 eps_lo/eps_hi sweep -- 2D paper-breast 256x256
c_hi=4.0, c_lo=8.0 fixed; itermax=500
========================================================================

config                       | iter   50 | iter  100 | iter  200 | iter  500 | LF RMSE @ iter 200
------------------------------------------------------------------------
single (ref)                 | 0.1834     | 0.2202     | 0.1829     | 0.0984     | 0.1292
two eps_lo/eps_hi=0.25       | 0.1910     | 0.1711     | 0.1234     | 0.0921     | 0.0657
two eps_lo/eps_hi=0.5        | 0.1896     | 0.1686     | 0.1222     | 0.0853     | 0.0647
two eps_lo/eps_hi=1.0        | 0.1868     | 0.1639     | 0.1201     | 0.0782     | 0.0629
two eps_lo/eps_hi=1.25       | 0.1855     | 0.1615     | 0.1192     | 0.0768     | 0.0621
two eps_lo/eps_hi=2.0        | 0.1816     | 0.1552     | 0.1171     | 0.0757     | 0.0603
Saved /Users/taro/Documents/ct/final_figures/H2_eps_summary_256.txt
=== H2 done ===
