Started at Fri May 22 17:40:35 PDT 2026
Loaded 9 cached runs + single from /Users/taro/Documents/ct/cache/H2_eps_sweep_256.pkl
[skip] eps_lo/eps_hi=0.25 already cached
[skip] eps_lo/eps_hi=0.5 already cached
[skip] eps_lo/eps_hi=1.0 already cached
[skip] eps_lo/eps_hi=1.25 already cached
[skip] eps_lo/eps_hi=2.0 already cached
[skip] eps_lo/eps_hi=3.0 already cached
[skip] eps_lo/eps_hi=4.0 already cached
[skip] eps_lo/eps_hi=6.0 already cached
[skip] eps_lo/eps_hi=10.0 already cached

=== two-channel: eps_lo/eps_hi=20.0, c_hi=4.0, c_lo=8.0 ===

============================================================
RUNNING RECONSTRUCTION FOR 256x256 (mfact=2)
alpha=1.9, beta=10.0, itermax=500
============================================================
Loading phantom data...
Generating sinogram data...
Ground truth TV: 2365.86
Computing operator norms...

Running single-channel...
  Total norm: 1.4939, sig: 66.940020, tau: 0.006694
  Iter 1: data_err=0.574461, img_err=0.603139, TV=0.00
  Iter 2: data_err=0.489495, img_err=0.532447, TV=648.04
  Iter 5: data_err=0.247480, img_err=0.342717, TV=2506.94
  Iter 10: data_err=0.439370, img_err=0.483102, TV=3934.50
  Iter 20: data_err=0.385295, img_err=0.427180, TV=3589.06
  Iter 50: data_err=0.109366, img_err=0.183450, TV=4308.03
  Iter 100: data_err=0.114296, img_err=0.220244, TV=3653.61
  Iter 200: data_err=0.040449, img_err=0.182874, TV=3272.66
  Iter 300: data_err=0.013050, img_err=0.148161, TV=2973.30
  Iter 400: data_err=0.004669, img_err=0.116670, TV=2959.78
  Iter 500: data_err=0.002350, img_err=0.098402, TV=2775.27
Running two-channel...
  Total norm: 1.4302, sig_hi: 69.918262, sig_lo: 279.673047, tau: 0.006992
  Iter 1: data_err=0.571752, img_err=0.603139, TV=0.00
  Iter 2: data_err=0.231172, img_err=0.337822, TV=1393.90
  Iter 5: data_err=0.358677, img_err=0.420827, TV=3327.56
  Iter 10: data_err=0.211744, img_err=0.301340, TV=3018.36
  Iter 20: data_err=0.060155, img_err=0.184541, TV=3805.94
  Iter 50: data_err=0.041810, img_err=0.141506, TV=3132.11
  Iter 100: data_err=0.021905, img_err=0.121814, TV=2772.37
  Iter 200: data_err=0.020048, img_err=0.103780, TV=2599.91
  Iter 300: data_err=0.020029, img_err=0.091589, TV=2530.50
  Iter 400: data_err=0.020027, img_err=0.082013, TV=2487.58
  Iter 500: data_err=0.020026, img_err=0.074092, TV=2459.66
  Single-channel: 13.1s, final RMSE=0.098402
  Two-channel: 18.7s, final RMSE=0.074092
  elapsed 45.3s, final RMSE 0.0741

=== two-channel: eps_lo/eps_hi=50.0, c_hi=4.0, c_lo=8.0 ===

============================================================
RUNNING RECONSTRUCTION FOR 256x256 (mfact=2)
alpha=1.9, beta=10.0, itermax=500
============================================================
Loading phantom data...
Generating sinogram data...
Ground truth TV: 2365.86
Computing operator norms...

Running single-channel...
  Total norm: 1.4939, sig: 66.939391, tau: 0.006694
  Iter 1: data_err=0.574461, img_err=0.603139, TV=0.00
  Iter 2: data_err=0.489493, img_err=0.532445, TV=648.06
  Iter 5: data_err=0.247466, img_err=0.342708, TV=2507.00
  Iter 10: data_err=0.439376, img_err=0.483107, TV=3934.52
  Iter 20: data_err=0.385286, img_err=0.427173, TV=3589.01
  Iter 50: data_err=0.109314, img_err=0.183420, TV=4307.97
  Iter 100: data_err=0.114309, img_err=0.220250, TV=3653.65
  Iter 200: data_err=0.040442, img_err=0.182871, TV=3272.67
  Iter 300: data_err=0.013042, img_err=0.148159, TV=2973.32
  Iter 400: data_err=0.004664, img_err=0.116668, TV=2959.78
  Iter 500: data_err=0.002351, img_err=0.098401, TV=2775.28
Running two-channel...
  Total norm: 1.4312, sig_hi: 69.871757, sig_lo: 279.487027, tau: 0.006987
  Iter 1: data_err=0.571752, img_err=0.603139, TV=0.00
  Iter 2: data_err=0.248925, img_err=0.349577, TV=1324.66
  Iter 5: data_err=0.303626, img_err=0.378728, TV=3194.87
  Iter 10: data_err=0.182045, img_err=0.287538, TV=2967.27
  Iter 20: data_err=0.036229, img_err=0.202210, TV=3630.56
  Iter 50: data_err=0.064460, img_err=0.161964, TV=3192.99
  Iter 100: data_err=0.051307, img_err=0.133321, TV=2817.10
  Iter 200: data_err=0.050035, img_err=0.116228, TV=2667.78
  Iter 300: data_err=0.050022, img_err=0.105999, TV=2606.96
  Iter 400: data_err=0.050019, img_err=0.098366, TV=2575.67
  Iter 500: data_err=0.050018, img_err=0.092317, TV=2555.11
  Single-channel: 13.3s, final RMSE=0.098401
  Two-channel: 19.1s, final RMSE=0.092317
  elapsed 46.3s, final RMSE 0.0923

=== two-channel: eps_lo/eps_hi=1000000.0, c_hi=4.0, c_lo=8.0 ===

============================================================
RUNNING RECONSTRUCTION FOR 256x256 (mfact=2)
alpha=1.9, beta=10.0, itermax=500
============================================================
Loading phantom data...
Generating sinogram data...
Ground truth TV: 2365.86
Computing operator norms...

Running single-channel...
  Total norm: 1.4942, sig: 66.924774, tau: 0.006692
  Iter 1: data_err=0.574461, img_err=0.603139, TV=0.00
  Iter 2: data_err=0.489446, img_err=0.532406, TV=648.42
  Iter 5: data_err=0.247185, img_err=0.342510, TV=2508.21
  Iter 10: data_err=0.439493, img_err=0.483208, TV=3934.64
  Iter 20: data_err=0.385122, img_err=0.427037, TV=3587.93
  Iter 50: data_err=0.108280, img_err=0.182831, TV=4306.40
  Iter 100: data_err=0.114558, img_err=0.220378, TV=3654.27
  Iter 200: data_err=0.040311, img_err=0.182818, TV=3272.59
  Iter 300: data_err=0.012888, img_err=0.148107, TV=2973.31
  Iter 400: data_err=0.004566, img_err=0.116616, TV=2959.44
  Iter 500: data_err=0.002356, img_err=0.098366, TV=2775.20
Running two-channel...
  Total norm: 1.4322, sig_hi: 69.824067, sig_lo: 279.296266, tau: 0.006982
  Iter 1: data_err=0.571752, img_err=0.603139, TV=0.00
  Iter 2: data_err=0.569422, img_err=0.601013, TV=218.18
  Iter 5: data_err=0.571124, img_err=0.602579, TV=95.70
  Iter 10: data_err=0.568665, img_err=0.599701, TV=310.75
  Iter 20: data_err=0.561960, img_err=0.590428, TV=1182.16
  Iter 50: data_err=0.544812, img_err=0.575731, TV=2436.87
  Iter 100: data_err=0.530345, img_err=0.562240, TV=3371.96
  Iter 200: data_err=0.514645, img_err=0.547890, TV=4295.89
  Iter 300: data_err=0.506256, img_err=0.540458, TV=4783.02
  Iter 400: data_err=0.500179, img_err=0.534795, TV=5187.94
  Iter 500: data_err=0.494931, img_err=0.530600, TV=5596.52
  Single-channel: 13.5s, final RMSE=0.098366
  Two-channel: 19.4s, final RMSE=0.530600
  elapsed 46.9s, final RMSE 0.5306
Saved /Users/taro/Documents/ct/final_figures/H2_eps_recon_256.png
Saved /Users/taro/Documents/ct/final_figures/H2_eps_error_256.png
Saved /Users/taro/Documents/ct/final_figures/H2_eps_lferror_256.png
Saved /Users/taro/Documents/ct/final_figures/H2_eps_convergence_256.png

H2 eps_lo/eps_hi sweep -- 2D paper-breast 256x256
c_hi=4.0, c_lo=8.0 fixed; itermax=500
========================================================================

config                       | iter   50 | iter  100 | iter  200 | iter  500 | LF RMSE @ iter 200
------------------------------------------------------------------------
single (ref)                 | 0.1834     | 0.2202     | 0.1829     | 0.0984     | 0.1292
two eps_lo/eps_hi=0.25       | 0.1910     | 0.1711     | 0.1234     | 0.0921     | 0.0657
two eps_lo/eps_hi=0.5        | 0.1896     | 0.1686     | 0.1222     | 0.0853     | 0.0647
two eps_lo/eps_hi=1.0        | 0.1868     | 0.1639     | 0.1201     | 0.0782     | 0.0629
two eps_lo/eps_hi=1.25       | 0.1855     | 0.1615     | 0.1192     | 0.0768     | 0.0621
two eps_lo/eps_hi=2.0        | 0.1816     | 0.1552     | 0.1171     | 0.0757     | 0.0603
two eps_lo/eps_hi=3.0        | 0.1764     | 0.1485     | 0.1151     | 0.0763     | 0.0584
two eps_lo/eps_hi=4.0        | 0.1716     | 0.1429     | 0.1135     | 0.0766     | 0.0571
two eps_lo/eps_hi=6.0        | 0.1632     | 0.1345     | 0.1107     | 0.0765     | 0.0550
two eps_lo/eps_hi=10.0       | 0.1506     | 0.1252     | 0.1060     | 0.0744     | 0.0523
two eps_lo/eps_hi=20.0       | 0.1415     | 0.1218     | 0.1038     | 0.0741     | 0.0534
two eps_lo/eps_hi=50.0       | 0.1620     | 0.1333     | 0.1162     | 0.0923     | 0.0731
two eps_lo/eps_hi=1000000.0  | 0.5757     | 0.5622     | 0.5479     | 0.5306     | 0.5156
Saved /Users/taro/Documents/ct/final_figures/H2_eps_summary_256.txt
=== H2 push done ===

=== single-channel reference run ===

============================================================
RUNNING RECONSTRUCTION FOR 256x256 (mfact=2)
alpha=1.9, beta=10.0, itermax=500
============================================================
Loading phantom data...
Generating sinogram data...
Ground truth TV: 2365.86
Computing operator norms...

Running single-channel...
  Total norm: 1.4939, sig: 66.940020, tau: 0.006694
  Iter 1: data_err=0.574461, img_err=0.603139, TV=0.00
  Iter 2: data_err=0.489495, img_err=0.532447, TV=648.04
  Iter 5: data_err=0.247480, img_err=0.342717, TV=2506.94
  Iter 10: data_err=0.439370, img_err=0.483102, TV=3934.50
  Iter 20: data_err=0.385295, img_err=0.427180, TV=3589.06
  Iter 50: data_err=0.109366, img_err=0.183450, TV=4308.03
  Iter 100: data_err=0.114296, img_err=0.220244, TV=3653.61
  Iter 200: data_err=0.040449, img_err=0.182874, TV=3272.66
  Iter 300: data_err=0.013050, img_err=0.148161, TV=2973.30
  Iter 400: data_err=0.004669, img_err=0.116670, TV=2959.78
  Iter 500: data_err=0.002350, img_err=0.098402, TV=2775.27
Running two-channel...
  Total norm: 1.4302, sig_hi: 69.918262, sig_lo: 279.673047, tau: 0.006992
  Iter 1: data_err=0.571752, img_err=0.603139, TV=0.00
  Iter 2: data_err=0.220497, img_err=0.330940, TV=1436.27
  Iter 5: data_err=0.393283, img_err=0.448499, TV=3412.71
  Iter 10: data_err=0.235331, img_err=0.316397, TV=3063.65
  Iter 20: data_err=0.116280, img_err=0.197826, TV=4036.83
  Iter 50: data_err=0.036881, img_err=0.185507, TV=3373.29
  Iter 100: data_err=0.008905, img_err=0.161559, TV=3180.73
  Iter 200: data_err=0.003048, img_err=0.119253, TV=2790.51
  Iter 300: data_err=0.002610, img_err=0.099443, TV=2548.21
  Iter 400: data_err=0.001853, img_err=0.084369, TV=2456.71
  Iter 500: data_err=0.001612, img_err=0.076781, TV=2414.51
  Single-channel: 13.6s, final RMSE=0.098402
  Two-channel: 19.5s, final RMSE=0.076781
  elapsed 47.4s, final RMSE 0.0984

=== two-channel: eps_hi/eps=0.5, r=10.0 (eps_hi=0.000500, eps_lo=0.005000) ===

============================================================
RUNNING RECONSTRUCTION FOR 256x256 (mfact=2)
alpha=1.9, beta=10.0, itermax=500
============================================================
Loading phantom data...
Generating sinogram data...
Ground truth TV: 2365.86
Computing operator norms...

Running single-channel...
  Total norm: 1.4939, sig: 66.939391, tau: 0.006694
  Iter 1: data_err=0.574461, img_err=0.603139, TV=0.00
  Iter 2: data_err=0.489493, img_err=0.532445, TV=648.06
  Iter 5: data_err=0.247466, img_err=0.342708, TV=2507.00
  Iter 10: data_err=0.439376, img_err=0.483107, TV=3934.52
  Iter 20: data_err=0.385286, img_err=0.427173, TV=3589.01
  Iter 50: data_err=0.109314, img_err=0.183420, TV=4307.97
  Iter 100: data_err=0.114309, img_err=0.220250, TV=3653.65
  Iter 200: data_err=0.040442, img_err=0.182871, TV=3272.67
  Iter 300: data_err=0.013042, img_err=0.148159, TV=2973.32
  Iter 400: data_err=0.004664, img_err=0.116668, TV=2959.78
  Iter 500: data_err=0.002351, img_err=0.098401, TV=2775.28
Running two-channel...
  Total norm: 1.4312, sig_hi: 69.871757, sig_lo: 279.487027, tau: 0.006987
  Iter 1: data_err=0.571752, img_err=0.603139, TV=0.00
  Iter 2: data_err=0.223022, img_err=0.332555, TV=1427.55
  Iter 5: data_err=0.386600, img_err=0.443091, TV=3406.12
  Iter 10: data_err=0.232016, img_err=0.314165, TV=3078.56
  Iter 20: data_err=0.103883, img_err=0.192667, TV=4051.56
  Iter 50: data_err=0.035137, img_err=0.167409, TV=3349.07
  Iter 100: data_err=0.008380, img_err=0.138443, TV=3052.96
  Iter 200: data_err=0.005102, img_err=0.111518, TV=2723.41
  Iter 300: data_err=0.005042, img_err=0.095628, TV=2595.59
  Iter 400: data_err=0.005026, img_err=0.083263, TV=2528.47
  Iter 500: data_err=0.005023, img_err=0.073396, TV=2486.73
  Single-channel: 13.8s, final RMSE=0.098401
  Two-channel: 19.6s, final RMSE=0.073396
  elapsed 47.6s, final RMSE 0.0734

=== two-channel: eps_hi/eps=1.0, r=10.0 (eps_hi=0.001000, eps_lo=0.010000) ===

============================================================
RUNNING RECONSTRUCTION FOR 256x256 (mfact=2)
alpha=1.9, beta=10.0, itermax=500
============================================================
Loading phantom data...
Generating sinogram data...
Ground truth TV: 2365.86
Computing operator norms...

Running single-channel...
  Total norm: 1.4942, sig: 66.924774, tau: 0.006692
  Iter 1: data_err=0.574461, img_err=0.603139, TV=0.00
  Iter 2: data_err=0.489446, img_err=0.532406, TV=648.42
  Iter 5: data_err=0.247185, img_err=0.342510, TV=2508.21
  Iter 10: data_err=0.439493, img_err=0.483208, TV=3934.64
  Iter 20: data_err=0.385122, img_err=0.427037, TV=3587.93
  Iter 50: data_err=0.108280, img_err=0.182831, TV=4306.40
  Iter 100: data_err=0.114558, img_err=0.220378, TV=3654.27
  Iter 200: data_err=0.040311, img_err=0.182818, TV=3272.59
  Iter 300: data_err=0.012888, img_err=0.148107, TV=2973.31
  Iter 400: data_err=0.004566, img_err=0.116616, TV=2959.44
  Iter 500: data_err=0.002356, img_err=0.098366, TV=2775.20
Running two-channel...
  Total norm: 1.4322, sig_hi: 69.824067, sig_lo: 279.296266, tau: 0.006982
  Iter 1: data_err=0.571752, img_err=0.603139, TV=0.00
  Iter 2: data_err=0.225989, img_err=0.334463, TV=1414.14
  Iter 5: data_err=0.377456, img_err=0.435757, TV=3373.00
  Iter 10: data_err=0.226051, img_err=0.310272, TV=3036.68
  Iter 20: data_err=0.088358, img_err=0.187865, TV=3921.59
  Iter 50: data_err=0.035958, img_err=0.150564, TV=3177.11
  Iter 100: data_err=0.012254, img_err=0.125165, TV=2827.14
  Iter 200: data_err=0.010069, img_err=0.105980, TV=2597.95
  Iter 300: data_err=0.010047, img_err=0.092994, TV=2512.06
  Iter 400: data_err=0.010047, img_err=0.082804, TV=2462.86
  Iter 500: data_err=0.010047, img_err=0.074454, TV=2429.40
  Single-channel: 13.8s, final RMSE=0.098366
  Two-channel: 19.7s, final RMSE=0.074454
  elapsed 47.8s, final RMSE 0.0745

=== two-channel: eps_hi/eps=2.0, r=10.0 (eps_hi=0.002000, eps_lo=0.020000) ===

============================================================
RUNNING RECONSTRUCTION FOR 256x256 (mfact=2)
alpha=1.9, beta=10.0, itermax=500
============================================================
Loading phantom data...
Generating sinogram data...
Ground truth TV: 2365.86
Computing operator norms...

Running single-channel...
  Total norm: 1.4938, sig: 66.941340, tau: 0.006694
  Iter 1: data_err=0.574461, img_err=0.603139, TV=0.00
  Iter 2: data_err=0.489495, img_err=0.532446, TV=648.04
  Iter 5: data_err=0.247485, img_err=0.342721, TV=2506.97
  Iter 10: data_err=0.439371, img_err=0.483102, TV=3934.55
  Iter 20: data_err=0.385296, img_err=0.427181, TV=3589.12
  Iter 50: data_err=0.109368, img_err=0.183451, TV=4308.09
  Iter 100: data_err=0.114296, img_err=0.220245, TV=3653.63
  Iter 200: data_err=0.040449, img_err=0.182875, TV=3272.65
  Iter 300: data_err=0.013050, img_err=0.148162, TV=2973.29
  Iter 400: data_err=0.004669, img_err=0.116672, TV=2959.76
  Iter 500: data_err=0.002350, img_err=0.098404, TV=2775.25
Running two-channel...
  Total norm: 1.4310, sig_hi: 69.881547, sig_lo: 279.526186, tau: 0.006988
  Iter 1: data_err=0.571752, img_err=0.603139, TV=0.00
  Iter 2: data_err=0.231535, img_err=0.338058, TV=1389.17
  Iter 5: data_err=0.358818, img_err=0.420971, TV=3306.49
  Iter 10: data_err=0.212589, img_err=0.301962, TV=2959.26
  Iter 20: data_err=0.059450, img_err=0.184371, TV=3672.39
  Iter 50: data_err=0.041700, img_err=0.141324, TV=2972.90
  Iter 100: data_err=0.021915, img_err=0.122237, TV=2629.80
  Iter 200: data_err=0.020109, img_err=0.105615, TV=2470.10
  Iter 300: data_err=0.020096, img_err=0.094903, TV=2407.50
  Iter 400: data_err=0.020097, img_err=0.086743, TV=2373.20
  Iter 500: data_err=0.020098, img_err=0.080109, TV=2348.11
  Single-channel: 13.9s, final RMSE=0.098404
  Two-channel: 19.7s, final RMSE=0.080109
  elapsed 48.0s, final RMSE 0.0801

=== two-channel: eps_hi/eps=4.0, r=10.0 (eps_hi=0.004000, eps_lo=0.040000) ===

============================================================
RUNNING RECONSTRUCTION FOR 256x256 (mfact=2)
alpha=1.9, beta=10.0, itermax=500
============================================================
Loading phantom data...
Generating sinogram data...
Ground truth TV: 2365.86
Computing operator norms...

Running single-channel...
  Total norm: 1.4939, sig: 66.941119, tau: 0.006694
  Iter 1: data_err=0.574461, img_err=0.603139, TV=0.00
  Iter 2: data_err=0.489497, img_err=0.532448, TV=648.03
  Iter 5: data_err=0.247493, img_err=0.342726, TV=2506.90
  Iter 10: data_err=0.439366, img_err=0.483098, TV=3934.51
  Iter 20: data_err=0.385301, img_err=0.427185, TV=3589.12
  Iter 50: data_err=0.109406, img_err=0.183473, TV=4308.10
  Iter 100: data_err=0.114287, img_err=0.220239, TV=3653.57
  Iter 200: data_err=0.040453, img_err=0.182876, TV=3272.63
  Iter 300: data_err=0.013056, img_err=0.148163, TV=2973.27
  Iter 400: data_err=0.004673, img_err=0.116672, TV=2959.75
  Iter 500: data_err=0.002350, img_err=0.098403, TV=2775.24
Running two-channel...
  Total norm: 1.4297, sig_hi: 69.947173, sig_lo: 279.788691, tau: 0.006995
  Iter 1: data_err=0.571752, img_err=0.603139, TV=0.00
  Iter 2: data_err=0.242530, img_err=0.345299, TV=1340.13
  Iter 5: data_err=0.321596, img_err=0.392246, TV=3175.46
  Iter 10: data_err=0.187988, img_err=0.289301, TV=2797.19
  Iter 20: data_err=0.029549, img_err=0.194794, TV=3277.96
  Iter 50: data_err=0.056844, img_err=0.154046, TV=2736.66
  Iter 100: data_err=0.041629, img_err=0.130781, TV=2440.21
  Iter 200: data_err=0.040206, img_err=0.116630, TV=2313.50
  Iter 300: data_err=0.040198, img_err=0.108183, TV=2267.48
  Iter 400: data_err=0.040198, img_err=0.101934, TV=2245.75
  Iter 500: data_err=0.040199, img_err=0.096928, TV=2230.76
  Single-channel: 13.9s, final RMSE=0.098403
  Two-channel: 19.8s, final RMSE=0.096928
  elapsed 48.0s, final RMSE 0.0969
Saved /Users/taro/Documents/ct/final_figures/H6_eps_hi_recon_256.png
Saved /Users/taro/Documents/ct/final_figures/H6_eps_hi_error_256.png
Saved /Users/taro/Documents/ct/final_figures/H6_eps_hi_lferror_256.png
Saved /Users/taro/Documents/ct/final_figures/H6_eps_hi_convergence_256.png

H6 eps_hi sweep -- 2D paper-breast 256x256
c_hi=4.0, c_lo=8.0 fixed; r=eps_lo/eps_hi=10.0 fixed; itermax=500
========================================================================

config                       | iter   50 | iter  100 | iter  200 | iter  500 | LF RMSE @ iter 200
------------------------------------------------------------------------
single (ref)                 | 0.1834     | 0.2202     | 0.1829     | 0.0984     | 0.1292
two eps_hi/eps=0.5           | 0.1674     | 0.1384     | 0.1115     | 0.0734     | 0.0555
two eps_hi/eps=1.0           | 0.1506     | 0.1252     | 0.1060     | 0.0745     | 0.0523
two eps_hi/eps=2.0           | 0.1413     | 0.1222     | 0.1056     | 0.0801     | 0.0543
two eps_hi/eps=4.0           | 0.1540     | 0.1308     | 0.1166     | 0.0969     | 0.0676
Saved /Users/taro/Documents/ct/final_figures/H6_eps_hi_summary_256.txt
=== H6 done ===
