Running 256x256 PoU c=4 reconstruction with snapshots at [1, 5, 10, 20, 50, 100, 200, 500, 1000, 2000]

============================================================
RUNNING RECONSTRUCTION FOR 256x256 (mfact=2)
alpha=1.9, beta=10.0, itermax=2000
============================================================
Loading phantom data...
Generating sinogram data...
Ground truth TV: 2365.86
Computing operator norms...

Running single-channel...
  Total norm: 1.4939, sig: 66.940020, tau: 0.006694
  Iter 1: data_err=0.574461, img_err=0.603139, TV=0.00
  Iter 2: data_err=0.489495, img_err=0.532447, TV=648.04
  Iter 5: data_err=0.247480, img_err=0.342717, TV=2506.94
  Iter 10: data_err=0.439370, img_err=0.483102, TV=3934.50
  Iter 20: data_err=0.385295, img_err=0.427180, TV=3589.06
  Iter 50: data_err=0.109366, img_err=0.183450, TV=4308.03
  Iter 100: data_err=0.114296, img_err=0.220244, TV=3653.61
  Iter 200: data_err=0.040449, img_err=0.182874, TV=3272.66
  Iter 300: data_err=0.013050, img_err=0.148161, TV=2973.30
  Iter 400: data_err=0.004669, img_err=0.116670, TV=2959.78
  Iter 500: data_err=0.002350, img_err=0.098402, TV=2775.27
Running two-channel...
  ||Sigma^(1/2) K||=2.4850  sig_hi=40.241762  sig_lo=160.967050  tau=0.004020  tau*sig_hi*||.||^2=0.999001  (< 1 required)
  Iter 1: data_err=0.574457, img_err=0.603139, TV=0.00
  Iter 2: data_err=0.452970, img_err=0.502527, TV=670.70
  Iter 5: data_err=0.134840, img_err=0.269548, TV=3081.84
  Iter 10: data_err=0.345276, img_err=0.403942, TV=2968.91
  Iter 20: data_err=0.128991, img_err=0.235206, TV=3574.54
  Iter 50: data_err=0.102821, img_err=0.182609, TV=4319.59
  Iter 100: data_err=0.052150, img_err=0.187379, TV=3716.85
  Iter 200: data_err=0.011190, img_err=0.152580, TV=3112.04
  Iter 300: data_err=0.006931, img_err=0.141209, TV=3015.33
  Iter 400: data_err=0.003622, img_err=0.119459, TV=2688.74
  Iter 500: data_err=0.002092, img_err=0.101959, TV=2603.58
  Single-channel: 44.3s, final RMSE=0.019007
  Two-channel: 68.3s, final RMSE=0.049633
Cached to cache/early_iteration_snapshots_256.pkl
Saved final_figures/early_iter_recon_256.png
Saved final_figures/late_iter_recon_256.png
Saved final_figures/early_iter_error_256.png
Saved final_figures/late_iter_error_256.png
Saved final_figures/early_convergence_256.png
Saved final_figures/full_convergence_256.png
